
============================================================
Iteration 0: |S| = 1 non-complete tables
============================================================

*** Sampled table #0 from S ***
  Length: 0 actions
  Score: 1.0000
  Probability: 1.0000
  (Empty table)
Generated 14 candidate actions for next step
Processing top 3 candidates out of 14...
  [1/3] Added table from action: h3. inner (confidence=2.5000, r_word=0.0000)
  [2/3] Added table from action: h2. print (confidence=1.9000, r_word=0.0000)
  [3/3] Added table from action: h5. merge (confidence=1.7000, r_word=0.1000)
Added 3 new tables to S (now |S|=4)
Best so far: r_word=0.1

============================================================
Iteration 1: |S| = 4 non-complete tables
============================================================

*** Sampled table #2 from S ***
  Length: 1 actions
  Score: 1.9000
  Probability: 0.2471
  Actions: ['h2. print']
Generated 29 candidate actions for next step
Processing top 3 candidates out of 29...
  [1/3] Added table from action: h3. inner (confidence=6.5000, r_word=0.0000)
  [2/3] Invalid table from v1. prick (steps=2, impossible=True)
  [3/3] Added table from action: h4. tasks (confidence=4.5000, r_word=0.0000)
Added 2 new tables to S (now |S|=6)
Best so far: r_word=0.1

============================================================
Iteration 2: |S| = 6 non-complete tables
============================================================

*** Sampled table #4 from S ***
  Length: 2 actions
  Score: 6.5000
  Probability: 0.8503
  Actions: ['h2. print', 'h3. inner']
Generated 26 candidate actions for next step
Processing top 3 candidates out of 26...
  [1/3] Added table from action: h4. tasks (confidence=10.2000, r_word=0.0000)
  [2/3] Added table from action: h5. merge (confidence=8.6000, r_word=0.1000)
  [3/3] Added table from action: h1. flans (confidence=8.0000, r_word=0.0000)
Added 3 new tables to S (now |S|=9)
Best so far: r_word=0.1

============================================================
Iteration 3: |S| = 9 non-complete tables
============================================================

*** Sampled table #6 from S ***
  Length: 3 actions
  Score: 10.2000
  Probability: 0.7453
  Actions: ['h2. print', 'h3. inner', 'h4. tasks']
Generated 22 candidate actions for next step
Processing top 3 candidates out of 22...
  [1/3] Added table from action: h1. flans (confidence=17.2000, r_word=0.0000)
  [2/3] Added table from action: h5. merge (confidence=14.2000, r_word=0.1000)
  [3/3] Invalid table from v4. sneak (steps=4, impossible=True)
Added 2 new tables to S (now |S|=11)
Best so far: r_word=0.1

============================================================
Iteration 4: |S| = 11 non-complete tables
============================================================

*** Sampled table #9 from S ***
  Length: 4 actions
  Score: 17.2000
  Probability: 0.9515
  Actions: ['h2. print', 'h3. inner', 'h4. tasks', 'h1. flans']
Generated 17 candidate actions for next step
Processing top 3 candidates out of 17...
  [1/3] Invalid table from v1. fleam (steps=5, impossible=True)
  [2/3] Added table from action: h5. mixer (confidence=19.2000, r_word=0.0000)
  [3/3] Invalid table from v5. stars (steps=5, impossible=True)
Added 1 new tables to S (now |S|=12)
Best so far: r_word=0.1

============================================================
Iteration 5: |S| = 12 non-complete tables
============================================================

*** Sampled table #11 from S ***
  Length: 5 actions
  Score: 19.2000
  Probability: 0.8755
  Actions: ['h2. print', 'h3. inner', 'h4. tasks', 'h1. flans', 'h5. mixer']
No candidates available, removing table from S

============================================================
Iteration 5: |S| = 11 non-complete tables
============================================================

*** Sampled table #9 from S ***
  Length: 4 actions
  Score: 17.2000
  Probability: 0.9515
  Actions: ['h2. print', 'h3. inner', 'h4. tasks', 'h1. flans']
Generated 17 candidate actions for next step
Processing top 3 candidates out of 17...
  [1/3] Invalid table from v1. fleam (steps=5, impossible=True)
  [2/3] Added table from action: h5. mixer (confidence=19.2000, r_word=0.0000)
  [3/3] Invalid table from v5. stars (steps=5, impossible=True)
Added 1 new tables to S (now |S|=12)
Best so far: r_word=0.1

============================================================
Iteration 6: |S| = 12 non-complete tables
============================================================

*** Sampled table #10 from S ***
  Length: 4 actions
  Score: 14.2000
  Probability: 0.0059
  Actions: ['h2. print', 'h3. inner', 'h4. tasks', 'h5. merge']
Generated 22 candidate actions for next step
Processing top 3 candidates out of 22...
  [1/3] Added table from action: h1. flans (confidence=17.2000, r_word=0.1000)
  [2/3] Added table from action: h1. creme (confidence=16.7000, r_word=0.1000)
  [3/3] Invalid table from v2. prune (steps=5, impossible=True)
Added 2 new tables to S (now |S|=14)
Best so far: r_word=0.1

============================================================
Iteration 7: |S| = 14 non-complete tables
============================================================

*** Sampled table #11 from S ***
  Length: 5 actions
  Score: 19.2000
  Probability: 0.7355
  Actions: ['h2. print', 'h3. inner', 'h4. tasks', 'h1. flans', 'h5. mixer']
No candidates available, removing table from S

============================================================
Iteration 7: |S| = 13 non-complete tables
============================================================

*** Sampled table #11 from S ***
  Length: 5 actions
  Score: 17.2000
  Probability: 0.3763
  Actions: ['h2. print', 'h3. inner', 'h4. tasks', 'h5. merge', 'h1. flans']
No candidates available, removing table from S

============================================================
Iteration 7: |S| = 12 non-complete tables
============================================================

*** Sampled table #9 from S ***
  Length: 4 actions
  Score: 17.2000
  Probability: 0.6033
  Actions: ['h2. print', 'h3. inner', 'h4. tasks', 'h1. flans']
Generated 17 candidate actions for next step
Processing top 3 candidates out of 17...
  [1/3] Invalid table from v1. fleam (steps=5, impossible=True)
  [2/3] Added table from action: h5. mixer (confidence=19.2000, r_word=0.0000)
  [3/3] Invalid table from v5. stars (steps=5, impossible=True)
Added 1 new tables to S (now |S|=13)
Best so far: r_word=0.1

============================================================
Iteration 8: |S| = 13 non-complete tables
============================================================

*** Sampled table #9 from S ***
  Length: 4 actions
  Score: 17.2000
  Probability: 0.1105
  Actions: ['h2. print', 'h3. inner', 'h4. tasks', 'h1. flans']
Generated 17 candidate actions for next step
Processing top 3 candidates out of 17...
  [1/3] Invalid table from v1. fleam (steps=5, impossible=True)
  [2/3] Table from h5. mixer already in S
  [3/3] Invalid table from v5. stars (steps=5, impossible=True)
Added 0 new tables to S (now |S|=13)
Best so far: r_word=0.1

============================================================
Iteration 9: |S| = 13 non-complete tables
============================================================

*** Sampled table #12 from S ***
  Length: 5 actions
  Score: 19.2000
  Probability: 0.8168
  Actions: ['h2. print', 'h3. inner', 'h4. tasks', 'h1. flans', 'h5. mixer']
No candidates available, removing table from S

============================================================
Iteration 9: |S| = 12 non-complete tables
============================================================

*** Sampled table #9 from S ***
  Length: 4 actions
  Score: 17.2000
  Probability: 0.6033
  Actions: ['h2. print', 'h3. inner', 'h4. tasks', 'h1. flans']
Generated 17 candidate actions for next step
Processing top 3 candidates out of 17...
  [1/3] Invalid table from v1. fleam (steps=5, impossible=True)
  [2/3] Added table from action: h5. mixer (confidence=19.2000, r_word=0.0000)
  [3/3] Invalid table from v5. stars (steps=5, impossible=True)
Added 1 new tables to S (now |S|=13)
Best so far: r_word=0.1

============================================================
Iteration 10: |S| = 13 non-complete tables
============================================================

*** Sampled table #11 from S ***
  Length: 5 actions
  Score: 16.7000
  Probability: 0.0670
  Actions: ['h2. print', 'h3. inner', 'h4. tasks', 'h5. merge', 'h1. creme']
Generated 2 candidate actions for next step
Processing top 2 candidates out of 2...
  [1/2] Invalid table from v1. scalp (steps=6, impossible=True)
  [2/2] Invalid table from v4. smack (steps=6, impossible=True)
Added 0 new tables to S (now |S|=13)
Best so far: r_word=0.1

============================================================
Iteration 11: |S| = 13 non-complete tables
============================================================

*** Sampled table #12 from S ***
  Length: 5 actions
  Score: 19.2000
  Probability: 0.8168
  Actions: ['h2. print', 'h3. inner', 'h4. tasks', 'h1. flans', 'h5. mixer']
No candidates available, removing table from S

============================================================
Iteration 11: |S| = 12 non-complete tables
============================================================

*** Sampled table #11 from S ***
  Length: 5 actions
  Score: 16.7000
  Probability: 0.3659
  Actions: ['h2. print', 'h3. inner', 'h4. tasks', 'h5. merge', 'h1. creme']
Generated 2 candidate actions for next step
Processing top 2 candidates out of 2...
  [1/2] Invalid table from v1. scalp (steps=6, impossible=True)
  [2/2] Invalid table from v4. smack (steps=6, impossible=True)
Added 0 new tables to S (now |S|=12)
Best so far: r_word=0.1

============================================================
Iteration 12: |S| = 12 non-complete tables
============================================================

*** Sampled table #11 from S ***
  Length: 5 actions
  Score: 16.7000
  Probability: 0.3659
  Actions: ['h2. print', 'h3. inner', 'h4. tasks', 'h5. merge', 'h1. creme']
Generated 2 candidate actions for next step
Processing top 2 candidates out of 2...
  [1/2] Invalid table from v1. scalp (steps=6, impossible=True)
  [2/2] Invalid table from v4. smack (steps=6, impossible=True)
Added 0 new tables to S (now |S|=12)
Best so far: r_word=0.1

============================================================
Iteration 13: |S| = 12 non-complete tables
============================================================

*** Sampled table #9 from S ***
  Length: 4 actions
  Score: 17.2000
  Probability: 0.6033
  Actions: ['h2. print', 'h3. inner', 'h4. tasks', 'h1. flans']
Generated 17 candidate actions for next step
Processing top 3 candidates out of 17...
  [1/3] Invalid table from v1. fleam (steps=5, impossible=True)
  [2/3] Added table from action: h5. mixer (confidence=19.2000, r_word=0.0000)
  [3/3] Invalid table from v5. stars (steps=5, impossible=True)
Added 1 new tables to S (now |S|=13)
Best so far: r_word=0.1

============================================================
Iteration 14: |S| = 13 non-complete tables
============================================================

*** Sampled table #12 from S ***
  Length: 5 actions
  Score: 19.2000
  Probability: 0.8168
  Actions: ['h2. print', 'h3. inner', 'h4. tasks', 'h1. flans', 'h5. mixer']
No candidates available, removing table from S

============================================================
Iteration 14: |S| = 12 non-complete tables
============================================================

*** Sampled table #9 from S ***
  Length: 4 actions
  Score: 17.2000
  Probability: 0.6033
  Actions: ['h2. print', 'h3. inner', 'h4. tasks', 'h1. flans']
Generated 17 candidate actions for next step
Processing top 3 candidates out of 17...
  [1/3] Invalid table from v1. fleam (steps=5, impossible=True)
  [2/3] Added table from action: h5. mixer (confidence=19.2000, r_word=0.0000)
  [3/3] Invalid table from v5. stars (steps=5, impossible=True)
Added 1 new tables to S (now |S|=13)
Best so far: r_word=0.1

============================================================
Iteration 15: |S| = 13 non-complete tables
============================================================

*** Sampled table #12 from S ***
  Length: 5 actions
  Score: 19.2000
  Probability: 0.8168
  Actions: ['h2. print', 'h3. inner', 'h4. tasks', 'h1. flans', 'h5. mixer']
No candidates available, removing table from S

============================================================
Iteration 15: |S| = 12 non-complete tables
============================================================

*** Sampled table #11 from S ***
  Length: 5 actions
  Score: 16.7000
  Probability: 0.3659
  Actions: ['h2. print', 'h3. inner', 'h4. tasks', 'h5. merge', 'h1. creme']
Generated 2 candidate actions for next step
Processing top 2 candidates out of 2...
  [1/2] Invalid table from v1. scalp (steps=6, impossible=True)
  [2/2] Invalid table from v4. smack (steps=6, impossible=True)
Added 0 new tables to S (now |S|=12)
Best so far: r_word=0.1

============================================================
Iteration 16: |S| = 12 non-complete tables
============================================================

*** Sampled table #11 from S ***
  Length: 5 actions
  Score: 16.7000
  Probability: 0.3659
  Actions: ['h2. print', 'h3. inner', 'h4. tasks', 'h5. merge', 'h1. creme']
Generated 2 candidate actions for next step
Processing top 2 candidates out of 2...
  [1/2] Invalid table from v1. scalp (steps=6, impossible=True)
  [2/2] Invalid table from v4. smack (steps=6, impossible=True)
Added 0 new tables to S (now |S|=12)
Best so far: r_word=0.1

============================================================
Iteration 17: |S| = 12 non-complete tables
============================================================

*** Sampled table #9 from S ***
  Length: 4 actions
  Score: 17.2000
  Probability: 0.6033
  Actions: ['h2. print', 'h3. inner', 'h4. tasks', 'h1. flans']
Generated 17 candidate actions for next step
Processing top 3 candidates out of 17...
  [1/3] Invalid table from v1. fleam (steps=5, impossible=True)
  [2/3] Added table from action: h5. mixer (confidence=19.2000, r_word=0.0000)
  [3/3] Invalid table from v5. stars (steps=5, impossible=True)
Added 1 new tables to S (now |S|=13)
Best so far: r_word=0.1

============================================================
Iteration 18: |S| = 13 non-complete tables
============================================================

*** Sampled table #12 from S ***
  Length: 5 actions
  Score: 19.2000
  Probability: 0.8168
  Actions: ['h2. print', 'h3. inner', 'h4. tasks', 'h1. flans', 'h5. mixer']
No candidates available, removing table from S

============================================================
Iteration 18: |S| = 12 non-complete tables
============================================================

*** Sampled table #9 from S ***
  Length: 4 actions
  Score: 17.2000
  Probability: 0.6033
  Actions: ['h2. print', 'h3. inner', 'h4. tasks', 'h1. flans']
Generated 17 candidate actions for next step
Processing top 3 candidates out of 17...
  [1/3] Invalid table from v1. fleam (steps=5, impossible=True)
  [2/3] Added table from action: h5. mixer (confidence=19.2000, r_word=0.0000)
  [3/3] Invalid table from v5. stars (steps=5, impossible=True)
Added 1 new tables to S (now |S|=13)
Best so far: r_word=0.1

============================================================
Iteration 19: |S| = 13 non-complete tables
============================================================

*** Sampled table #12 from S ***
  Length: 5 actions
  Score: 19.2000
  Probability: 0.8168
  Actions: ['h2. print', 'h3. inner', 'h4. tasks', 'h1. flans', 'h5. mixer']
No candidates available, removing table from S

============================================================
Iteration 19: |S| = 12 non-complete tables
============================================================

*** Sampled table #11 from S ***
  Length: 5 actions
  Score: 16.7000
  Probability: 0.3659
  Actions: ['h2. print', 'h3. inner', 'h4. tasks', 'h5. merge', 'h1. creme']
Generated 2 candidate actions for next step
Processing top 2 candidates out of 2...
  [1/2] Invalid table from v1. scalp (steps=6, impossible=True)
  [2/2] Invalid table from v4. smack (steps=6, impossible=True)
Added 0 new tables to S (now |S|=12)
Best so far: r_word=0.1

Finished after 20 iterations with 20 steps logged
Final |S| = 12 tables
Total unique tables explored: 12
