
============================================================
Iteration 0: |S| = 1 non-complete tables
============================================================

*** Sampled table #0 from S ***
  Length: 0 actions
  Score: 1.0000
  Probability: 1.0000
  (Empty table)
Generated 14 candidate actions for next step
Processing top 3 candidates out of 14...
  [1/3] Added table from action: h2. alert (confidence=4.0000, r_word=0.0000)
  [2/3] Added table from action: v1. glare (confidence=4.0000, r_word=0.1000)
  [3/3] Added table from action: h3. gecko (confidence=3.7000, r_word=0.0000)
Added 3 new tables to S (now |S|=4)
Best so far: r_word=0.1

============================================================
Iteration 1: |S| = 4 non-complete tables
============================================================

*** Sampled table #1 from S ***
  Length: 1 actions
  Score: 4.0000
  Probability: 0.3583
  Actions: ['h2. alert']
Generated 11 candidate actions for next step
Processing top 3 candidates out of 11...
  [1/3] Invalid table from v1. glare (steps=2, impossible=True)
  [2/3] Added table from action: h3. gecko (confidence=6.0000, r_word=0.0000)
  [3/3] Added table from action: h4. raise (confidence=6.0000, r_word=0.1000)
Added 2 new tables to S (now |S|=6)
Best so far: r_word=0.1

============================================================
Iteration 2: |S| = 6 non-complete tables
============================================================

*** Sampled table #4 from S ***
  Length: 2 actions
  Score: 6.0000
  Probability: 0.4206
  Actions: ['h2. alert', 'h3. gecko']
Generated 24 candidate actions for next step
Processing top 3 candidates out of 24...
  [1/3] Added table from action: h5. eider (confidence=13.5000, r_word=0.1000)
  [2/3] Invalid table from v1. glare (steps=3, impossible=True)
  [3/3] Added table from action: h4. raise (confidence=13.2000, r_word=0.1000)
Added 2 new tables to S (now |S|=8)
Best so far: r_word=0.1

============================================================
Iteration 3: |S| = 8 non-complete tables
============================================================

*** Sampled table #6 from S ***
  Length: 3 actions
  Score: 13.5000
  Probability: 0.5740
  Actions: ['h2. alert', 'h3. gecko', 'h5. eider']
Generated 24 candidate actions for next step
Processing top 3 candidates out of 24...
  [1/3] Added table from action: h4. raise (confidence=20.5000, r_word=0.2000)
  [2/3] Invalid table from v1. glare (steps=4, impossible=True)
  [3/3] Added table from action: h1. grove (confidence=17.5000, r_word=0.1000)
Added 2 new tables to S (now |S|=10)
Best so far: r_word=0.2

============================================================
Iteration 4: |S| = 10 non-complete tables
============================================================

*** Sampled table #8 from S ***
  Length: 4 actions
  Score: 20.5000
  Probability: 0.9511
  Actions: ['h2. alert', 'h3. gecko', 'h5. eider', 'h4. raise']
Generated 9 candidate actions for next step
Processing top 3 candidates out of 9...
  [1/3] Invalid table from v1. glare (steps=5, impossible=True)
  [2/3] Invalid table from v5. sheik (steps=5, impossible=True)
  [3/3] Added table from action: h1. grove (confidence=21.5000, r_word=0.2000)
Added 1 new tables to S (now |S|=11)
Best so far: r_word=0.2

============================================================
Iteration 5: |S| = 11 non-complete tables
============================================================

*** Sampled table #8 from S ***
  Length: 4 actions
  Score: 20.5000
  Probability: 0.2653
  Actions: ['h2. alert', 'h3. gecko', 'h5. eider', 'h4. raise']
Generated 9 candidate actions for next step
Processing top 3 candidates out of 9...
  [1/3] Invalid table from v1. glare (steps=5, impossible=True)
  [2/3] Invalid table from v5. sheik (steps=5, impossible=True)
  [3/3] Table from h1. grove already in S
Added 0 new tables to S (now |S|=11)
Best so far: r_word=0.2

============================================================
Iteration 6: |S| = 11 non-complete tables
============================================================

*** Sampled table #10 from S ***
  Length: 5 actions
  Score: 21.5000
  Probability: 0.7211
  Actions: ['h2. alert', 'h3. gecko', 'h5. eider', 'h4. raise', 'h1. grove']
No candidates available, removing table from S

============================================================
Iteration 6: |S| = 10 non-complete tables
============================================================

*** Sampled table #8 from S ***
  Length: 4 actions
  Score: 20.5000
  Probability: 0.9511
  Actions: ['h2. alert', 'h3. gecko', 'h5. eider', 'h4. raise']
Generated 9 candidate actions for next step
Processing top 3 candidates out of 9...
  [1/3] Invalid table from v1. glare (steps=5, impossible=True)
  [2/3] Invalid table from v5. sheik (steps=5, impossible=True)
  [3/3] Added table from action: h1. grove (confidence=21.5000, r_word=0.2000)
Added 1 new tables to S (now |S|=11)
Best so far: r_word=0.2

============================================================
Iteration 7: |S| = 11 non-complete tables
============================================================

*** Sampled table #10 from S ***
  Length: 5 actions
  Score: 21.5000
  Probability: 0.7211
  Actions: ['h2. alert', 'h3. gecko', 'h5. eider', 'h4. raise', 'h1. grove']
No candidates available, removing table from S

============================================================
Iteration 7: |S| = 10 non-complete tables
============================================================

*** Sampled table #8 from S ***
  Length: 4 actions
  Score: 20.5000
  Probability: 0.9511
  Actions: ['h2. alert', 'h3. gecko', 'h5. eider', 'h4. raise']
Generated 9 candidate actions for next step
Processing top 3 candidates out of 9...
  [1/3] Invalid table from v1. glare (steps=5, impossible=True)
  [2/3] Invalid table from v5. sheik (steps=5, impossible=True)
  [3/3] Added table from action: h1. grove (confidence=21.5000, r_word=0.2000)
Added 1 new tables to S (now |S|=11)
Best so far: r_word=0.2

============================================================
Iteration 8: |S| = 11 non-complete tables
============================================================

*** Sampled table #10 from S ***
  Length: 5 actions
  Score: 21.5000
  Probability: 0.7211
  Actions: ['h2. alert', 'h3. gecko', 'h5. eider', 'h4. raise', 'h1. grove']
No candidates available, removing table from S

============================================================
Iteration 8: |S| = 10 non-complete tables
============================================================

*** Sampled table #8 from S ***
  Length: 4 actions
  Score: 20.5000
  Probability: 0.9511
  Actions: ['h2. alert', 'h3. gecko', 'h5. eider', 'h4. raise']
Generated 9 candidate actions for next step
Processing top 3 candidates out of 9...
  [1/3] Invalid table from v1. glare (steps=5, impossible=True)
  [2/3] Invalid table from v5. sheik (steps=5, impossible=True)
  [3/3] Added table from action: h1. grove (confidence=21.5000, r_word=0.2000)
Added 1 new tables to S (now |S|=11)
Best so far: r_word=0.2

============================================================
Iteration 9: |S| = 11 non-complete tables
============================================================

*** Sampled table #9 from S ***
  Length: 4 actions
  Score: 17.5000
  Probability: 0.0132
  Actions: ['h2. alert', 'h3. gecko', 'h5. eider', 'h1. grove']
Generated 10 candidate actions for next step
Processing top 3 candidates out of 10...
  [1/3] Added table from action: h4. raise (confidence=24.5000, r_word=0.2000)
  [2/3] Invalid table from v1. glare (steps=5, impossible=True)
  [3/3] Added table from action: v3. oecad (confidence=18.1000, r_word=0.1000)
Added 2 new tables to S (now |S|=13)
Best so far: r_word=0.2

============================================================
Iteration 10: |S| = 13 non-complete tables
============================================================

*** Sampled table #10 from S ***
  Length: 5 actions
  Score: 21.5000
  Probability: 0.0465
  Actions: ['h2. alert', 'h3. gecko', 'h5. eider', 'h4. raise', 'h1. grove']
No candidates available, removing table from S

============================================================
Iteration 10: |S| = 12 non-complete tables
============================================================

*** Sampled table #10 from S ***
  Length: 5 actions
  Score: 24.5000
  Probability: 0.9795
  Actions: ['h2. alert', 'h3. gecko', 'h5. eider', 'h1. grove', 'h4. raise']
No candidates available, removing table from S

============================================================
Iteration 10: |S| = 11 non-complete tables
============================================================

*** Sampled table #8 from S ***
  Length: 4 actions
  Score: 20.5000
  Probability: 0.8756
  Actions: ['h2. alert', 'h3. gecko', 'h5. eider', 'h4. raise']
Generated 9 candidate actions for next step
Processing top 3 candidates out of 9...
  [1/3] Invalid table from v1. glare (steps=5, impossible=True)
  [2/3] Invalid table from v5. sheik (steps=5, impossible=True)
  [3/3] Added table from action: h1. grove (confidence=21.5000, r_word=0.2000)
Added 1 new tables to S (now |S|=12)
Best so far: r_word=0.2

============================================================
Iteration 11: |S| = 12 non-complete tables
============================================================

*** Sampled table #8 from S ***
  Length: 4 actions
  Score: 20.5000
  Probability: 0.2590
  Actions: ['h2. alert', 'h3. gecko', 'h5. eider', 'h4. raise']
Generated 9 candidate actions for next step
Processing top 3 candidates out of 9...
  [1/3] Invalid table from v1. glare (steps=5, impossible=True)
  [2/3] Invalid table from v5. sheik (steps=5, impossible=True)
  [3/3] Table from h1. grove already in S
Added 0 new tables to S (now |S|=12)
Best so far: r_word=0.2

============================================================
Iteration 12: |S| = 12 non-complete tables
============================================================

*** Sampled table #11 from S ***
  Length: 5 actions
  Score: 21.5000
  Probability: 0.7041
  Actions: ['h2. alert', 'h3. gecko', 'h5. eider', 'h4. raise', 'h1. grove']
No candidates available, removing table from S

============================================================
Iteration 12: |S| = 11 non-complete tables
============================================================

*** Sampled table #9 from S ***
  Length: 4 actions
  Score: 17.5000
  Probability: 0.0436
  Actions: ['h2. alert', 'h3. gecko', 'h5. eider', 'h1. grove']
Generated 10 candidate actions for next step
Processing top 3 candidates out of 10...
  [1/3] Added table from action: h4. raise (confidence=24.5000, r_word=0.2000)
  [2/3] Invalid table from v1. glare (steps=5, impossible=True)
  [3/3] Table from v3. oecad already in S
Added 1 new tables to S (now |S|=12)
Best so far: r_word=0.2

============================================================
Iteration 13: |S| = 12 non-complete tables
============================================================

*** Sampled table #11 from S ***
  Length: 5 actions
  Score: 24.5000
  Probability: 0.9795
  Actions: ['h2. alert', 'h3. gecko', 'h5. eider', 'h1. grove', 'h4. raise']
No candidates available, removing table from S

============================================================
Iteration 13: |S| = 11 non-complete tables
============================================================

*** Sampled table #10 from S ***
  Length: 5 actions
  Score: 18.1000
  Probability: 0.0794
  Actions: ['h2. alert', 'h3. gecko', 'h5. eider', 'h1. grove', 'v3. oecad']
Generated 10 candidate actions for next step
Processing top 3 candidates out of 10...
  [1/3] Invalid table from h4. raise (steps=6, impossible=True)
  [2/3] Invalid table from v1. glare (steps=6, impossible=True)
  [3/3] Invalid table from v2. verdi (steps=6, impossible=True)
Added 0 new tables to S (now |S|=11)
Best so far: r_word=0.2

============================================================
Iteration 14: |S| = 11 non-complete tables
============================================================

*** Sampled table #8 from S ***
  Length: 4 actions
  Score: 20.5000
  Probability: 0.8756
  Actions: ['h2. alert', 'h3. gecko', 'h5. eider', 'h4. raise']
Generated 9 candidate actions for next step
Processing top 3 candidates out of 9...
  [1/3] Invalid table from v1. glare (steps=5, impossible=True)
  [2/3] Invalid table from v5. sheik (steps=5, impossible=True)
  [3/3] Added table from action: h1. grove (confidence=21.5000, r_word=0.2000)
Added 1 new tables to S (now |S|=12)
Best so far: r_word=0.2

============================================================
Iteration 15: |S| = 12 non-complete tables
============================================================

*** Sampled table #11 from S ***
  Length: 5 actions
  Score: 21.5000
  Probability: 0.7041
  Actions: ['h2. alert', 'h3. gecko', 'h5. eider', 'h4. raise', 'h1. grove']
No candidates available, removing table from S

============================================================
Iteration 15: |S| = 11 non-complete tables
============================================================

*** Sampled table #8 from S ***
  Length: 4 actions
  Score: 20.5000
  Probability: 0.8756
  Actions: ['h2. alert', 'h3. gecko', 'h5. eider', 'h4. raise']
Generated 9 candidate actions for next step
Processing top 3 candidates out of 9...
  [1/3] Invalid table from v1. glare (steps=5, impossible=True)
  [2/3] Invalid table from v5. sheik (steps=5, impossible=True)
  [3/3] Added table from action: h1. grove (confidence=21.5000, r_word=0.2000)
Added 1 new tables to S (now |S|=12)
Best so far: r_word=0.2

============================================================
Iteration 16: |S| = 12 non-complete tables
============================================================

*** Sampled table #11 from S ***
  Length: 5 actions
  Score: 21.5000
  Probability: 0.7041
  Actions: ['h2. alert', 'h3. gecko', 'h5. eider', 'h4. raise', 'h1. grove']
No candidates available, removing table from S

============================================================
Iteration 16: |S| = 11 non-complete tables
============================================================

*** Sampled table #8 from S ***
  Length: 4 actions
  Score: 20.5000
  Probability: 0.8756
  Actions: ['h2. alert', 'h3. gecko', 'h5. eider', 'h4. raise']
Generated 9 candidate actions for next step
Processing top 3 candidates out of 9...
  [1/3] Invalid table from v1. glare (steps=5, impossible=True)
  [2/3] Invalid table from v5. sheik (steps=5, impossible=True)
  [3/3] Added table from action: h1. grove (confidence=21.5000, r_word=0.2000)
Added 1 new tables to S (now |S|=12)
Best so far: r_word=0.2

============================================================
Iteration 17: |S| = 12 non-complete tables
============================================================

*** Sampled table #11 from S ***
  Length: 5 actions
  Score: 21.5000
  Probability: 0.7041
  Actions: ['h2. alert', 'h3. gecko', 'h5. eider', 'h4. raise', 'h1. grove']
No candidates available, removing table from S

============================================================
Iteration 17: |S| = 11 non-complete tables
============================================================

*** Sampled table #10 from S ***
  Length: 5 actions
  Score: 18.1000
  Probability: 0.0794
  Actions: ['h2. alert', 'h3. gecko', 'h5. eider', 'h1. grove', 'v3. oecad']
Generated 10 candidate actions for next step
Processing top 3 candidates out of 10...
  [1/3] Invalid table from h4. raise (steps=6, impossible=True)
  [2/3] Invalid table from v1. glare (steps=6, impossible=True)
  [3/3] Invalid table from v2. verdi (steps=6, impossible=True)
Added 0 new tables to S (now |S|=11)
Best so far: r_word=0.2

============================================================
Iteration 18: |S| = 11 non-complete tables
============================================================

*** Sampled table #8 from S ***
  Length: 4 actions
  Score: 20.5000
  Probability: 0.8756
  Actions: ['h2. alert', 'h3. gecko', 'h5. eider', 'h4. raise']
Generated 9 candidate actions for next step
Processing top 3 candidates out of 9...
  [1/3] Invalid table from v1. glare (steps=5, impossible=True)
  [2/3] Invalid table from v5. sheik (steps=5, impossible=True)
  [3/3] Added table from action: h1. grove (confidence=21.5000, r_word=0.2000)
Added 1 new tables to S (now |S|=12)
Best so far: r_word=0.2

============================================================
Iteration 19: |S| = 12 non-complete tables
============================================================

*** Sampled table #8 from S ***
  Length: 4 actions
  Score: 20.5000
  Probability: 0.2590
  Actions: ['h2. alert', 'h3. gecko', 'h5. eider', 'h4. raise']
Generated 9 candidate actions for next step
Processing top 3 candidates out of 9...
  [1/3] Invalid table from v1. glare (steps=5, impossible=True)
  [2/3] Invalid table from v5. sheik (steps=5, impossible=True)
  [3/3] Table from h1. grove already in S
Added 0 new tables to S (now |S|=12)
Best so far: r_word=0.2

Finished after 20 iterations with 21 steps logged
Final |S| = 12 tables
Total unique tables explored: 12
