
============================================================
Iteration 0: |S| = 1 non-complete tables
============================================================

*** Sampled table #0 from S ***
  Length: 0 actions
  Score: 1.0000
  Probability: 1.0000
  (Empty table)
Generated 10 candidate actions for next step
Processing top 3 candidates out of 10...
  [1/3] Added table from action: h5. unary (confidence=5.0000, r_word=0.1000)
  [2/3] Added table from action: v4. idler (confidence=5.0000, r_word=0.1000)
  [3/3] Added table from action: h1. pipit (confidence=5.0000, r_word=0.1000)
Added 3 new tables to S (now |S|=4)
Best so far: r_word=0.1

============================================================
Iteration 1: |S| = 4 non-complete tables
============================================================

*** Sampled table #2 from S ***
  Length: 1 actions
  Score: 5.0000
  Probability: 0.3313
  Actions: ['v4. idler']
Generated 10 candidate actions for next step
Processing top 3 candidates out of 10...
  [1/3] Added table from action: v5. teary (confidence=11.2000, r_word=0.2000)
  [2/3] Added table from action: h5. unary (confidence=11.2000, r_word=0.2000)
  [3/3] Invalid table from h2. firma (steps=2, impossible=True)
Added 2 new tables to S (now |S|=6)
Best so far: r_word=0.2

============================================================
Iteration 2: |S| = 6 non-complete tables
============================================================

*** Sampled table #5 from S ***
  Length: 2 actions
  Score: 11.2000
  Probability: 0.4985
  Actions: ['v4. idler', 'h5. unary']
Generated 18 candidate actions for next step
Processing top 3 candidates out of 18...
  [1/3] Added table from action: h1. pipit (confidence=16.7000, r_word=0.3000)
  [2/3] Added table from action: v5. teary (confidence=16.6000, r_word=0.3000)
  [3/3] Added table from action: v3. stola (confidence=14.9000, r_word=0.2000)
Added 3 new tables to S (now |S|=9)
Best so far: r_word=0.3

============================================================
Iteration 3: |S| = 9 non-complete tables
============================================================

*** Sampled table #6 from S ***
  Length: 3 actions
  Score: 16.7000
  Probability: 0.4812
  Actions: ['v4. idler', 'h5. unary', 'h1. pipit']
Generated 12 candidate actions for next step
Processing top 3 candidates out of 12...
  [1/3] Added table from action: v3. palla (confidence=17.6000, r_word=0.4000)
  [2/3] Added table from action: v5. teary (confidence=17.3000, r_word=0.4000)
  [3/3] Invalid table from h4. noble (steps=4, impossible=True)
Added 2 new tables to S (now |S|=11)
Best so far: r_word=0.4

============================================================
Iteration 4: |S| = 11 non-complete tables
============================================================

*** Sampled table #9 from S ***
  Length: 4 actions
  Score: 17.6000
  Probability: 0.3867
  Actions: ['v4. idler', 'h5. unary', 'h1. pipit', 'v3. palla']
Generated 10 candidate actions for next step
Processing top 3 candidates out of 10...
  [1/3] Invalid table from h4. noble (steps=5, impossible=True)
  [2/3] Added table from action: v5. teary (confidence=22.3000, r_word=0.5000)
  [3/3] Invalid table from h2. firad (steps=5, impossible=True)
Added 1 new tables to S (now |S|=12)
Best so far: r_word=0.5

============================================================
Iteration 5: |S| = 12 non-complete tables
============================================================

*** Sampled table #11 from S ***
  Length: 5 actions
  Score: 22.3000
  Probability: 0.9770
  Actions: ['v4. idler', 'h5. unary', 'h1. pipit', 'v3. palla', 'v5. teary']
Generated 9 candidate actions for next step
Processing top 3 candidates out of 9...
  [1/3] Added table from action: h3. silla (confidence=23.0000, r_word=0.6000)
  [2/3] Added table from action: h4. taler (confidence=22.6000, r_word=0.5000)
  [3/3] Added table from action: v1. pumau (confidence=22.5000, r_word=0.5000)
Added 3 new tables to S (now |S|=15)
Best so far: r_word=0.6

============================================================
Iteration 6: |S| = 15 non-complete tables
============================================================

*** Sampled table #12 from S ***
  Length: 6 actions
  Score: 23.0000
  Probability: 0.3591
  Actions: ['v4. idler', 'h5. unary', 'h1. pipit', 'v3. palla', 'v5. teary', 'h3. silla']
Generated 8 candidate actions for next step
Processing top 3 candidates out of 8...
  [1/3] Invalid table from h2. firma (steps=7, impossible=True)
  [2/3] Added table from action: v1. pisou (confidence=25.3000, r_word=0.6000)
  [3/3] Invalid table from v1. pisum (steps=7, impossible=True)
Added 1 new tables to S (now |S|=16)
Best so far: r_word=0.6

============================================================
Iteration 7: |S| = 16 non-complete tables
============================================================

*** Sampled table #15 from S ***
  Length: 7 actions
  Score: 25.3000
  Probability: 0.7817
  Actions: ['v4. idler', 'h5. unary', 'h1. pipit', 'v3. palla', 'v5. teary', 'h3. silla', 'v1. pisou']
Generated 4 candidate actions for next step
Processing top 3 candidates out of 4...
  [1/3] Added table from action: h2. irade (confidence=30.3000, r_word=0.7000)
  [2/3] Added table from action: h4. oiler (confidence=28.3000, r_word=0.6000)
  [3/3] Added table from action: v2. irisn (confidence=25.8000, r_word=0.7000)
Added 3 new tables to S (now |S|=19)
Best so far: r_word=0.7

============================================================
Iteration 8: |S| = 19 non-complete tables
============================================================

*** Sampled table #16 from S ***
  Length: 8 actions
  Score: 30.3000
  Probability: 0.8658
  Actions: ['v4. idler', 'h5. unary', 'h1. pipit', 'v3. palla', 'v5. teary', 'h3. silla', 'v1. pisou', 'h2. irade']
Generated 5 candidate actions for next step
Processing top 3 candidates out of 5...
  [1/3] Added table from action: h4. oiler (confidence=37.3000, r_word=0.7000)
  [2/3] Invalid table from h4. older (steps=9, impossible=True)
  [3/3] Added table from action: v2. irisn (confidence=30.6000, r_word=0.7000)
Added 2 new tables to S (now |S|=21)
Best so far: r_word=0.7

============================================================
Iteration 9: |S| = 21 non-complete tables
============================================================

*** Sampled table #19 from S ***
  Length: 9 actions
  Score: 37.3000
  Probability: 0.9977
  Actions: ['v4. idler', 'h5. unary', 'h1. pipit', 'v3. palla', 'v5. teary', 'h3. silla', 'v1. pisou', 'h2. irade', 'h4. oiler']
Generated 1 candidate actions for next step
Processing top 1 candidates out of 1...
  [1/1] Invalid table from v2. irisy (steps=10, impossible=True)
Added 0 new tables to S (now |S|=21)
Best so far: r_word=0.7

============================================================
Iteration 10: |S| = 21 non-complete tables
============================================================

*** Sampled table #19 from S ***
  Length: 9 actions
  Score: 37.3000
  Probability: 0.9977
  Actions: ['v4. idler', 'h5. unary', 'h1. pipit', 'v3. palla', 'v5. teary', 'h3. silla', 'v1. pisou', 'h2. irade', 'h4. oiler']
Generated 1 candidate actions for next step
Processing top 1 candidates out of 1...
  [1/1] Invalid table from v2. irisy (steps=10, impossible=True)
Added 0 new tables to S (now |S|=21)
Best so far: r_word=0.7

============================================================
Iteration 11: |S| = 21 non-complete tables
============================================================

*** Sampled table #19 from S ***
  Length: 9 actions
  Score: 37.3000
  Probability: 0.9977
  Actions: ['v4. idler', 'h5. unary', 'h1. pipit', 'v3. palla', 'v5. teary', 'h3. silla', 'v1. pisou', 'h2. irade', 'h4. oiler']
Generated 1 candidate actions for next step
Processing top 1 candidates out of 1...
  [1/1] Invalid table from v2. irisy (steps=10, impossible=True)
Added 0 new tables to S (now |S|=21)
Best so far: r_word=0.7

============================================================
Iteration 12: |S| = 21 non-complete tables
============================================================

*** Sampled table #19 from S ***
  Length: 9 actions
  Score: 37.3000
  Probability: 0.9977
  Actions: ['v4. idler', 'h5. unary', 'h1. pipit', 'v3. palla', 'v5. teary', 'h3. silla', 'v1. pisou', 'h2. irade', 'h4. oiler']
Generated 1 candidate actions for next step
Processing top 1 candidates out of 1...
  [1/1] Invalid table from v2. irisy (steps=10, impossible=True)
Added 0 new tables to S (now |S|=21)
Best so far: r_word=0.7

============================================================
Iteration 13: |S| = 21 non-complete tables
============================================================

*** Sampled table #19 from S ***
  Length: 9 actions
  Score: 37.3000
  Probability: 0.9977
  Actions: ['v4. idler', 'h5. unary', 'h1. pipit', 'v3. palla', 'v5. teary', 'h3. silla', 'v1. pisou', 'h2. irade', 'h4. oiler']
Generated 1 candidate actions for next step
Processing top 1 candidates out of 1...
  [1/1] Invalid table from v2. irisy (steps=10, impossible=True)
Added 0 new tables to S (now |S|=21)
Best so far: r_word=0.7

============================================================
Iteration 14: |S| = 21 non-complete tables
============================================================

*** Sampled table #19 from S ***
  Length: 9 actions
  Score: 37.3000
  Probability: 0.9977
  Actions: ['v4. idler', 'h5. unary', 'h1. pipit', 'v3. palla', 'v5. teary', 'h3. silla', 'v1. pisou', 'h2. irade', 'h4. oiler']
Generated 1 candidate actions for next step
Processing top 1 candidates out of 1...
  [1/1] Invalid table from v2. irisy (steps=10, impossible=True)
Added 0 new tables to S (now |S|=21)
Best so far: r_word=0.7

============================================================
Iteration 15: |S| = 21 non-complete tables
============================================================

*** Sampled table #19 from S ***
  Length: 9 actions
  Score: 37.3000
  Probability: 0.9977
  Actions: ['v4. idler', 'h5. unary', 'h1. pipit', 'v3. palla', 'v5. teary', 'h3. silla', 'v1. pisou', 'h2. irade', 'h4. oiler']
Generated 1 candidate actions for next step
Processing top 1 candidates out of 1...
  [1/1] Invalid table from v2. irisy (steps=10, impossible=True)
Added 0 new tables to S (now |S|=21)
Best so far: r_word=0.7

============================================================
Iteration 16: |S| = 21 non-complete tables
============================================================

*** Sampled table #19 from S ***
  Length: 9 actions
  Score: 37.3000
  Probability: 0.9977
  Actions: ['v4. idler', 'h5. unary', 'h1. pipit', 'v3. palla', 'v5. teary', 'h3. silla', 'v1. pisou', 'h2. irade', 'h4. oiler']
Generated 1 candidate actions for next step
Processing top 1 candidates out of 1...
  [1/1] Invalid table from v2. irisy (steps=10, impossible=True)
Added 0 new tables to S (now |S|=21)
Best so far: r_word=0.7

============================================================
Iteration 17: |S| = 21 non-complete tables
============================================================

*** Sampled table #19 from S ***
  Length: 9 actions
  Score: 37.3000
  Probability: 0.9977
  Actions: ['v4. idler', 'h5. unary', 'h1. pipit', 'v3. palla', 'v5. teary', 'h3. silla', 'v1. pisou', 'h2. irade', 'h4. oiler']
Generated 1 candidate actions for next step
Processing top 1 candidates out of 1...
  [1/1] Invalid table from v2. irisy (steps=10, impossible=True)
Added 0 new tables to S (now |S|=21)
Best so far: r_word=0.7

============================================================
Iteration 18: |S| = 21 non-complete tables
============================================================

*** Sampled table #19 from S ***
  Length: 9 actions
  Score: 37.3000
  Probability: 0.9977
  Actions: ['v4. idler', 'h5. unary', 'h1. pipit', 'v3. palla', 'v5. teary', 'h3. silla', 'v1. pisou', 'h2. irade', 'h4. oiler']
Generated 1 candidate actions for next step
Processing top 1 candidates out of 1...
  [1/1] Invalid table from v2. irisy (steps=10, impossible=True)
Added 0 new tables to S (now |S|=21)
Best so far: r_word=0.7

============================================================
Iteration 19: |S| = 21 non-complete tables
============================================================

*** Sampled table #19 from S ***
  Length: 9 actions
  Score: 37.3000
  Probability: 0.9977
  Actions: ['v4. idler', 'h5. unary', 'h1. pipit', 'v3. palla', 'v5. teary', 'h3. silla', 'v1. pisou', 'h2. irade', 'h4. oiler']
Generated 1 candidate actions for next step
Processing top 1 candidates out of 1...
  [1/1] Invalid table from v2. irisy (steps=10, impossible=True)
Added 0 new tables to S (now |S|=21)
Best so far: r_word=0.7

Finished after 20 iterations with 20 steps logged
Final |S| = 21 tables
Total unique tables explored: 21
