
============================================================
Iteration 0: |S| = 1 non-complete tables
============================================================

*** Sampled table #0 from S ***
  Length: 0 actions
  Score: 1.0000
  Probability: 1.0000
  (Empty table)
Generated 14 candidate actions for next step
Processing top 3 candidates out of 14...
  [1/3] Added table from action: v5. drier (confidence=2.4000, r_word=0.0000)
  [2/3] Added table from action: v4. leave (confidence=2.4000, r_word=0.1000)
  [3/3] Added table from action: v3. unsew (confidence=1.7000, r_word=0.1000)
Added 3 new tables to S (now |S|=4)
Best so far: r_word=0.1

============================================================
Iteration 1: |S| = 4 non-complete tables
============================================================

*** Sampled table #3 from S ***
  Length: 1 actions
  Score: 1.7000
  Probability: 0.1810
  Actions: ['v3. unsew']
Generated 24 candidate actions for next step
Processing top 3 candidates out of 24...
  [1/3] Added table from action: h1. could (confidence=7.9000, r_word=0.2000)
  [2/3] Added table from action: h4. sieve (confidence=7.9000, r_word=0.2000)
  [3/3] Added table from action: v4. leave (confidence=6.8000, r_word=0.2000)
Added 3 new tables to S (now |S|=7)
Best so far: r_word=0.2

============================================================
Iteration 2: |S| = 7 non-complete tables
============================================================

*** Sampled table #6 from S ***
  Length: 2 actions
  Score: 6.8000
  Probability: 0.1420
  Actions: ['v3. unsew', 'v4. leave']
Generated 12 candidate actions for next step
Processing top 3 candidates out of 12...
  [1/3] Added table from action: h1. could (confidence=14.8000, r_word=0.3000)
  [2/3] Added table from action: h4. sieve (confidence=14.8000, r_word=0.3000)
  [3/3] Added table from action: h3. essay (confidence=14.8000, r_word=0.3000)
Added 3 new tables to S (now |S|=10)
Best so far: r_word=0.3

============================================================
Iteration 3: |S| = 10 non-complete tables
============================================================

*** Sampled table #8 from S ***
  Length: 3 actions
  Score: 14.8000
  Probability: 0.3331
  Actions: ['v3. unsew', 'v4. leave', 'h4. sieve']
Generated 14 candidate actions for next step
Processing top 3 candidates out of 14...
  [1/3] Added table from action: h3. essay (confidence=22.3000, r_word=0.4000)
  [2/3] Added table from action: v5. drier (confidence=22.3000, r_word=0.3000)
  [3/3] Added table from action: h1. could (confidence=22.3000, r_word=0.4000)
Added 3 new tables to S (now |S|=13)
Best so far: r_word=0.4

============================================================
Iteration 4: |S| = 13 non-complete tables
============================================================

*** Sampled table #11 from S ***
  Length: 4 actions
  Score: 22.3000
  Probability: 0.3331
  Actions: ['v3. unsew', 'v4. leave', 'h4. sieve', 'v5. drier']
Generated 14 candidate actions for next step
Processing top 3 candidates out of 14...
  [1/3] Added table from action: h1. could (confidence=30.3000, r_word=0.4000)
  [2/3] Added table from action: v1. crest (confidence=27.9000, r_word=0.4000)
  [3/3] Invalid table from h3. essay (steps=5, impossible=True)
Added 2 new tables to S (now |S|=15)
Best so far: r_word=0.4

============================================================
Iteration 5: |S| = 15 non-complete tables
============================================================

*** Sampled table #13 from S ***
  Length: 5 actions
  Score: 30.3000
  Probability: 0.9160
  Actions: ['v3. unsew', 'v4. leave', 'h4. sieve', 'v5. drier', 'h1. could']
Generated 13 candidate actions for next step
Processing top 3 candidates out of 13...
  [1/3] Added table from action: v1. crest (confidence=36.0000, r_word=0.5000)
  [2/3] Invalid table from h3. essay (steps=6, impossible=True)
  [3/3] Added table from action: h2. tuner (confidence=33.3000, r_word=0.4000)
Added 2 new tables to S (now |S|=17)
Best so far: r_word=0.5

============================================================
Iteration 6: |S| = 17 non-complete tables
============================================================

*** Sampled table #15 from S ***
  Length: 6 actions
  Score: 36.0000
  Probability: 0.9338
  Actions: ['v3. unsew', 'v4. leave', 'h4. sieve', 'v5. drier', 'h1. could', 'v1. crest']
Generated 8 candidate actions for next step
Processing top 3 candidates out of 8...
  [1/3] Invalid table from h3. essay (steps=7, impossible=True)
  [2/3] Added table from action: v2. ontic (confidence=37.7000, r_word=0.5000)
  [3/3] Added table from action: h5. tower (confidence=37.7000, r_word=0.5000)
Added 2 new tables to S (now |S|=19)
Best so far: r_word=0.5

============================================================
Iteration 7: |S| = 19 non-complete tables
============================================================

*** Sampled table #17 from S ***
  Length: 7 actions
  Score: 37.7000
  Probability: 0.4555
  Actions: ['v3. unsew', 'v4. leave', 'h4. sieve', 'v5. drier', 'h1. could', 'v1. crest', 'v2. ontic']
Generated 3 candidate actions for next step
Processing top 3 candidates out of 3...
  [1/3] Invalid table from h5. tawer (steps=8, impossible=True)
  [2/3] Invalid table from h3. essay (steps=8, impossible=True)
  [3/3] Invalid table from h2. rhyme (steps=8, impossible=True)
Added 0 new tables to S (now |S|=19)
Best so far: r_word=0.5

============================================================
Iteration 8: |S| = 19 non-complete tables
============================================================

*** Sampled table #17 from S ***
  Length: 7 actions
  Score: 37.7000
  Probability: 0.4555
  Actions: ['v3. unsew', 'v4. leave', 'h4. sieve', 'v5. drier', 'h1. could', 'v1. crest', 'v2. ontic']
Generated 3 candidate actions for next step
Processing top 3 candidates out of 3...
  [1/3] Invalid table from h5. tawer (steps=8, impossible=True)
  [2/3] Invalid table from h3. essay (steps=8, impossible=True)
  [3/3] Invalid table from h2. rhyme (steps=8, impossible=True)
Added 0 new tables to S (now |S|=19)
Best so far: r_word=0.5

============================================================
Iteration 9: |S| = 19 non-complete tables
============================================================

*** Sampled table #18 from S ***
  Length: 7 actions
  Score: 37.7000
  Probability: 0.4555
  Actions: ['v3. unsew', 'v4. leave', 'h4. sieve', 'v5. drier', 'h1. could', 'v1. crest', 'h5. tower']
Generated 5 candidate actions for next step
Processing top 3 candidates out of 5...
  [1/3] Invalid table from h3. essay (steps=8, impossible=True)
  [2/3] Invalid table from h2. rhyme (steps=8, impossible=True)
  [3/3] Invalid table from v2. ontic (steps=8, impossible=True)
Added 0 new tables to S (now |S|=19)
Best so far: r_word=0.5

============================================================
Iteration 10: |S| = 19 non-complete tables
============================================================

*** Sampled table #17 from S ***
  Length: 7 actions
  Score: 37.7000
  Probability: 0.4555
  Actions: ['v3. unsew', 'v4. leave', 'h4. sieve', 'v5. drier', 'h1. could', 'v1. crest', 'v2. ontic']
Generated 3 candidate actions for next step
Processing top 3 candidates out of 3...
  [1/3] Invalid table from h5. tawer (steps=8, impossible=True)
  [2/3] Invalid table from h3. essay (steps=8, impossible=True)
  [3/3] Invalid table from h2. rhyme (steps=8, impossible=True)
Added 0 new tables to S (now |S|=19)
Best so far: r_word=0.5

============================================================
Iteration 11: |S| = 19 non-complete tables
============================================================

*** Sampled table #17 from S ***
  Length: 7 actions
  Score: 37.7000
  Probability: 0.4555
  Actions: ['v3. unsew', 'v4. leave', 'h4. sieve', 'v5. drier', 'h1. could', 'v1. crest', 'v2. ontic']
Generated 3 candidate actions for next step
Processing top 3 candidates out of 3...
  [1/3] Invalid table from h5. tawer (steps=8, impossible=True)
  [2/3] Invalid table from h3. essay (steps=8, impossible=True)
  [3/3] Invalid table from h2. rhyme (steps=8, impossible=True)
Added 0 new tables to S (now |S|=19)
Best so far: r_word=0.5

============================================================
Iteration 12: |S| = 19 non-complete tables
============================================================

*** Sampled table #17 from S ***
  Length: 7 actions
  Score: 37.7000
  Probability: 0.4555
  Actions: ['v3. unsew', 'v4. leave', 'h4. sieve', 'v5. drier', 'h1. could', 'v1. crest', 'v2. ontic']
Generated 3 candidate actions for next step
Processing top 3 candidates out of 3...
  [1/3] Invalid table from h5. tawer (steps=8, impossible=True)
  [2/3] Invalid table from h3. essay (steps=8, impossible=True)
  [3/3] Invalid table from h2. rhyme (steps=8, impossible=True)
Added 0 new tables to S (now |S|=19)
Best so far: r_word=0.5

============================================================
Iteration 13: |S| = 19 non-complete tables
============================================================

*** Sampled table #17 from S ***
  Length: 7 actions
  Score: 37.7000
  Probability: 0.4555
  Actions: ['v3. unsew', 'v4. leave', 'h4. sieve', 'v5. drier', 'h1. could', 'v1. crest', 'v2. ontic']
Generated 3 candidate actions for next step
Processing top 3 candidates out of 3...
  [1/3] Invalid table from h5. tawer (steps=8, impossible=True)
  [2/3] Invalid table from h3. essay (steps=8, impossible=True)
  [3/3] Invalid table from h2. rhyme (steps=8, impossible=True)
Added 0 new tables to S (now |S|=19)
Best so far: r_word=0.5

============================================================
Iteration 14: |S| = 19 non-complete tables
============================================================

*** Sampled table #18 from S ***
  Length: 7 actions
  Score: 37.7000
  Probability: 0.4555
  Actions: ['v3. unsew', 'v4. leave', 'h4. sieve', 'v5. drier', 'h1. could', 'v1. crest', 'h5. tower']
Generated 5 candidate actions for next step
Processing top 3 candidates out of 5...
  [1/3] Invalid table from h3. essay (steps=8, impossible=True)
  [2/3] Invalid table from h2. rhyme (steps=8, impossible=True)
  [3/3] Invalid table from v2. ontic (steps=8, impossible=True)
Added 0 new tables to S (now |S|=19)
Best so far: r_word=0.5

============================================================
Iteration 15: |S| = 19 non-complete tables
============================================================

*** Sampled table #17 from S ***
  Length: 7 actions
  Score: 37.7000
  Probability: 0.4555
  Actions: ['v3. unsew', 'v4. leave', 'h4. sieve', 'v5. drier', 'h1. could', 'v1. crest', 'v2. ontic']
Generated 3 candidate actions for next step
Processing top 3 candidates out of 3...
  [1/3] Invalid table from h5. tawer (steps=8, impossible=True)
  [2/3] Invalid table from h3. essay (steps=8, impossible=True)
  [3/3] Invalid table from h2. rhyme (steps=8, impossible=True)
Added 0 new tables to S (now |S|=19)
Best so far: r_word=0.5

============================================================
Iteration 16: |S| = 19 non-complete tables
============================================================

*** Sampled table #18 from S ***
  Length: 7 actions
  Score: 37.7000
  Probability: 0.4555
  Actions: ['v3. unsew', 'v4. leave', 'h4. sieve', 'v5. drier', 'h1. could', 'v1. crest', 'h5. tower']
Generated 5 candidate actions for next step
Processing top 3 candidates out of 5...
  [1/3] Invalid table from h3. essay (steps=8, impossible=True)
  [2/3] Invalid table from h2. rhyme (steps=8, impossible=True)
  [3/3] Invalid table from v2. ontic (steps=8, impossible=True)
Added 0 new tables to S (now |S|=19)
Best so far: r_word=0.5

============================================================
Iteration 17: |S| = 19 non-complete tables
============================================================

*** Sampled table #18 from S ***
  Length: 7 actions
  Score: 37.7000
  Probability: 0.4555
  Actions: ['v3. unsew', 'v4. leave', 'h4. sieve', 'v5. drier', 'h1. could', 'v1. crest', 'h5. tower']
Generated 5 candidate actions for next step
Processing top 3 candidates out of 5...
  [1/3] Invalid table from h3. essay (steps=8, impossible=True)
  [2/3] Invalid table from h2. rhyme (steps=8, impossible=True)
  [3/3] Invalid table from v2. ontic (steps=8, impossible=True)
Added 0 new tables to S (now |S|=19)
Best so far: r_word=0.5

============================================================
Iteration 18: |S| = 19 non-complete tables
============================================================

*** Sampled table #18 from S ***
  Length: 7 actions
  Score: 37.7000
  Probability: 0.4555
  Actions: ['v3. unsew', 'v4. leave', 'h4. sieve', 'v5. drier', 'h1. could', 'v1. crest', 'h5. tower']
Generated 5 candidate actions for next step
Processing top 3 candidates out of 5...
  [1/3] Invalid table from h3. essay (steps=8, impossible=True)
  [2/3] Invalid table from h2. rhyme (steps=8, impossible=True)
  [3/3] Invalid table from v2. ontic (steps=8, impossible=True)
Added 0 new tables to S (now |S|=19)
Best so far: r_word=0.5

============================================================
Iteration 19: |S| = 19 non-complete tables
============================================================

*** Sampled table #18 from S ***
  Length: 7 actions
  Score: 37.7000
  Probability: 0.4555
  Actions: ['v3. unsew', 'v4. leave', 'h4. sieve', 'v5. drier', 'h1. could', 'v1. crest', 'h5. tower']
Generated 5 candidate actions for next step
Processing top 3 candidates out of 5...
  [1/3] Invalid table from h3. essay (steps=8, impossible=True)
  [2/3] Invalid table from h2. rhyme (steps=8, impossible=True)
  [3/3] Invalid table from v2. ontic (steps=8, impossible=True)
Added 0 new tables to S (now |S|=19)
Best so far: r_word=0.5

Finished after 20 iterations with 18 steps logged
Final |S| = 19 tables
Total unique tables explored: 19
