
============================================================
Iteration 0: |S| = 1 non-complete tables
============================================================

*** Sampled table #0 from S ***
  Length: 0 actions
  Score: 1.0000
  Probability: 1.0000
  (Empty table)
Generated 11 candidate actions for next step
Processing top 3 candidates out of 11...
  [1/3] Added table from action: h2. habit (confidence=5.2000, r_word=0.0000)
  [2/3] Added table from action: h5. spare (confidence=3.4000, r_word=0.1000)
  [3/3] Added table from action: v4. egger (confidence=2.8000, r_word=0.1000)
Added 3 new tables to S (now |S|=4)
Best so far: r_word=0.1

============================================================
Iteration 1: |S| = 4 non-complete tables
============================================================

*** Sampled table #1 from S ***
  Length: 1 actions
  Score: 5.2000
  Probability: 0.7868
  Actions: ['h2. habit']
Generated 31 candidate actions for next step
Processing top 3 candidates out of 31...
  [1/3] Added table from action: h5. spare (confidence=10.3000, r_word=0.1000)
  [2/3] Added table from action: h4. pries (confidence=9.9000, r_word=0.1000)
  [3/3] Invalid table from v2. usurp (steps=2, impossible=True)
Added 2 new tables to S (now |S|=6)
Best so far: r_word=0.1

============================================================
Iteration 2: |S| = 6 non-complete tables
============================================================

*** Sampled table #4 from S ***
  Length: 2 actions
  Score: 10.3000
  Probability: 0.5959
  Actions: ['h2. habit', 'h5. spare']
Generated 28 candidate actions for next step
Processing top 3 candidates out of 28...
  [1/3] Invalid table from v2. usurp (steps=3, impossible=True)
  [2/3] Added table from action: h4. pries (confidence=14.2000, r_word=0.2000)
  [3/3] Invalid table from v4. egger (steps=3, impossible=True)
Added 1 new tables to S (now |S|=7)
Best so far: r_word=0.2

============================================================
Iteration 3: |S| = 7 non-complete tables
============================================================

*** Sampled table #6 from S ***
  Length: 3 actions
  Score: 14.2000
  Probability: 0.9671
  Actions: ['h2. habit', 'h5. spare', 'h4. pries']
Generated 25 candidate actions for next step
Processing top 3 candidates out of 25...
  [1/3] Invalid table from v2. usurp (steps=4, impossible=True)
  [2/3] Invalid table from v1. chump (steps=4, impossible=True)
  [3/3] Invalid table from v3. mania (steps=4, impossible=True)
Added 0 new tables to S (now |S|=7)
Best so far: r_word=0.2

============================================================
Iteration 4: |S| = 7 non-complete tables
============================================================

*** Sampled table #6 from S ***
  Length: 3 actions
  Score: 14.2000
  Probability: 0.9671
  Actions: ['h2. habit', 'h5. spare', 'h4. pries']
Generated 25 candidate actions for next step
Processing top 3 candidates out of 25...
  [1/3] Invalid table from v2. usurp (steps=4, impossible=True)
  [2/3] Invalid table from v1. chump (steps=4, impossible=True)
  [3/3] Invalid table from v3. mania (steps=4, impossible=True)
Added 0 new tables to S (now |S|=7)
Best so far: r_word=0.2

============================================================
Iteration 5: |S| = 7 non-complete tables
============================================================

*** Sampled table #6 from S ***
  Length: 3 actions
  Score: 14.2000
  Probability: 0.9671
  Actions: ['h2. habit', 'h5. spare', 'h4. pries']
Generated 25 candidate actions for next step
Processing top 3 candidates out of 25...
  [1/3] Invalid table from v2. usurp (steps=4, impossible=True)
  [2/3] Invalid table from v1. chump (steps=4, impossible=True)
  [3/3] Invalid table from v3. mania (steps=4, impossible=True)
Added 0 new tables to S (now |S|=7)
Best so far: r_word=0.2

============================================================
Iteration 6: |S| = 7 non-complete tables
============================================================

*** Sampled table #6 from S ***
  Length: 3 actions
  Score: 14.2000
  Probability: 0.9671
  Actions: ['h2. habit', 'h5. spare', 'h4. pries']
Generated 25 candidate actions for next step
Processing top 3 candidates out of 25...
  [1/3] Invalid table from v2. usurp (steps=4, impossible=True)
  [2/3] Invalid table from v1. chump (steps=4, impossible=True)
  [3/3] Invalid table from v3. mania (steps=4, impossible=True)
Added 0 new tables to S (now |S|=7)
Best so far: r_word=0.2

============================================================
Iteration 7: |S| = 7 non-complete tables
============================================================

*** Sampled table #6 from S ***
  Length: 3 actions
  Score: 14.2000
  Probability: 0.9671
  Actions: ['h2. habit', 'h5. spare', 'h4. pries']
Generated 25 candidate actions for next step
Processing top 3 candidates out of 25...
  [1/3] Invalid table from v2. usurp (steps=4, impossible=True)
  [2/3] Invalid table from v1. chump (steps=4, impossible=True)
  [3/3] Invalid table from v3. mania (steps=4, impossible=True)
Added 0 new tables to S (now |S|=7)
Best so far: r_word=0.2

============================================================
Iteration 8: |S| = 7 non-complete tables
============================================================

*** Sampled table #6 from S ***
  Length: 3 actions
  Score: 14.2000
  Probability: 0.9671
  Actions: ['h2. habit', 'h5. spare', 'h4. pries']
Generated 25 candidate actions for next step
Processing top 3 candidates out of 25...
  [1/3] Invalid table from v2. usurp (steps=4, impossible=True)
  [2/3] Invalid table from v1. chump (steps=4, impossible=True)
  [3/3] Invalid table from v3. mania (steps=4, impossible=True)
Added 0 new tables to S (now |S|=7)
Best so far: r_word=0.2

============================================================
Iteration 9: |S| = 7 non-complete tables
============================================================

*** Sampled table #6 from S ***
  Length: 3 actions
  Score: 14.2000
  Probability: 0.9671
  Actions: ['h2. habit', 'h5. spare', 'h4. pries']
Generated 25 candidate actions for next step
Processing top 3 candidates out of 25...
  [1/3] Invalid table from v2. usurp (steps=4, impossible=True)
  [2/3] Invalid table from v1. chump (steps=4, impossible=True)
  [3/3] Invalid table from v3. mania (steps=4, impossible=True)
Added 0 new tables to S (now |S|=7)
Best so far: r_word=0.2

============================================================
Iteration 10: |S| = 7 non-complete tables
============================================================

*** Sampled table #6 from S ***
  Length: 3 actions
  Score: 14.2000
  Probability: 0.9671
  Actions: ['h2. habit', 'h5. spare', 'h4. pries']
Generated 25 candidate actions for next step
Processing top 3 candidates out of 25...
  [1/3] Invalid table from v2. usurp (steps=4, impossible=True)
  [2/3] Invalid table from v1. chump (steps=4, impossible=True)
  [3/3] Invalid table from v3. mania (steps=4, impossible=True)
Added 0 new tables to S (now |S|=7)
Best so far: r_word=0.2

============================================================
Iteration 11: |S| = 7 non-complete tables
============================================================

*** Sampled table #6 from S ***
  Length: 3 actions
  Score: 14.2000
  Probability: 0.9671
  Actions: ['h2. habit', 'h5. spare', 'h4. pries']
Generated 25 candidate actions for next step
Processing top 3 candidates out of 25...
  [1/3] Invalid table from v2. usurp (steps=4, impossible=True)
  [2/3] Invalid table from v1. chump (steps=4, impossible=True)
  [3/3] Invalid table from v3. mania (steps=4, impossible=True)
Added 0 new tables to S (now |S|=7)
Best so far: r_word=0.2

============================================================
Iteration 12: |S| = 7 non-complete tables
============================================================

*** Sampled table #6 from S ***
  Length: 3 actions
  Score: 14.2000
  Probability: 0.9671
  Actions: ['h2. habit', 'h5. spare', 'h4. pries']
Generated 25 candidate actions for next step
Processing top 3 candidates out of 25...
  [1/3] Invalid table from v2. usurp (steps=4, impossible=True)
  [2/3] Invalid table from v1. chump (steps=4, impossible=True)
  [3/3] Invalid table from v3. mania (steps=4, impossible=True)
Added 0 new tables to S (now |S|=7)
Best so far: r_word=0.2

============================================================
Iteration 13: |S| = 7 non-complete tables
============================================================

*** Sampled table #6 from S ***
  Length: 3 actions
  Score: 14.2000
  Probability: 0.9671
  Actions: ['h2. habit', 'h5. spare', 'h4. pries']
Generated 25 candidate actions for next step
Processing top 3 candidates out of 25...
  [1/3] Invalid table from v2. usurp (steps=4, impossible=True)
  [2/3] Invalid table from v1. chump (steps=4, impossible=True)
  [3/3] Invalid table from v3. mania (steps=4, impossible=True)
Added 0 new tables to S (now |S|=7)
Best so far: r_word=0.2

============================================================
Iteration 14: |S| = 7 non-complete tables
============================================================

*** Sampled table #6 from S ***
  Length: 3 actions
  Score: 14.2000
  Probability: 0.9671
  Actions: ['h2. habit', 'h5. spare', 'h4. pries']
Generated 25 candidate actions for next step
Processing top 3 candidates out of 25...
  [1/3] Invalid table from v2. usurp (steps=4, impossible=True)
  [2/3] Invalid table from v1. chump (steps=4, impossible=True)
  [3/3] Invalid table from v3. mania (steps=4, impossible=True)
Added 0 new tables to S (now |S|=7)
Best so far: r_word=0.2

============================================================
Iteration 15: |S| = 7 non-complete tables
============================================================

*** Sampled table #5 from S ***
  Length: 2 actions
  Score: 9.9000
  Probability: 0.0131
  Actions: ['h2. habit', 'h4. pries']
Generated 27 candidate actions for next step
Processing top 3 candidates out of 27...
  [1/3] Invalid table from v2. usurp (steps=3, impossible=True)
  [2/3] Added table from action: h5. spare (confidence=13.3000, r_word=0.2000)
  [3/3] Invalid table from v1. chump (steps=3, impossible=True)
Added 1 new tables to S (now |S|=8)
Best so far: r_word=0.2

============================================================
Iteration 16: |S| = 8 non-complete tables
============================================================

*** Sampled table #6 from S ***
  Length: 3 actions
  Score: 14.2000
  Probability: 0.6942
  Actions: ['h2. habit', 'h5. spare', 'h4. pries']
Generated 25 candidate actions for next step
Processing top 3 candidates out of 25...
  [1/3] Invalid table from v2. usurp (steps=4, impossible=True)
  [2/3] Invalid table from v1. chump (steps=4, impossible=True)
  [3/3] Invalid table from v3. mania (steps=4, impossible=True)
Added 0 new tables to S (now |S|=8)
Best so far: r_word=0.2

============================================================
Iteration 17: |S| = 8 non-complete tables
============================================================

*** Sampled table #6 from S ***
  Length: 3 actions
  Score: 14.2000
  Probability: 0.6942
  Actions: ['h2. habit', 'h5. spare', 'h4. pries']
Generated 25 candidate actions for next step
Processing top 3 candidates out of 25...
  [1/3] Invalid table from v2. usurp (steps=4, impossible=True)
  [2/3] Invalid table from v1. chump (steps=4, impossible=True)
  [3/3] Invalid table from v3. mania (steps=4, impossible=True)
Added 0 new tables to S (now |S|=8)
Best so far: r_word=0.2

============================================================
Iteration 18: |S| = 8 non-complete tables
============================================================

*** Sampled table #6 from S ***
  Length: 3 actions
  Score: 14.2000
  Probability: 0.6942
  Actions: ['h2. habit', 'h5. spare', 'h4. pries']
Generated 25 candidate actions for next step
Processing top 3 candidates out of 25...
  [1/3] Invalid table from v2. usurp (steps=4, impossible=True)
  [2/3] Invalid table from v1. chump (steps=4, impossible=True)
  [3/3] Invalid table from v3. mania (steps=4, impossible=True)
Added 0 new tables to S (now |S|=8)
Best so far: r_word=0.2

============================================================
Iteration 19: |S| = 8 non-complete tables
============================================================

*** Sampled table #6 from S ***
  Length: 3 actions
  Score: 14.2000
  Probability: 0.6942
  Actions: ['h2. habit', 'h5. spare', 'h4. pries']
Generated 25 candidate actions for next step
Processing top 3 candidates out of 25...
  [1/3] Invalid table from v2. usurp (steps=4, impossible=True)
  [2/3] Invalid table from v1. chump (steps=4, impossible=True)
  [3/3] Invalid table from v3. mania (steps=4, impossible=True)
Added 0 new tables to S (now |S|=8)
Best so far: r_word=0.2

Finished after 20 iterations with 7 steps logged
Final |S| = 8 tables
Total unique tables explored: 8
