
============================================================
Iteration 0: |S| = 1 non-complete tables
============================================================

*** Sampled table #0 from S ***
  Length: 0 actions
  Score: 1.0000
  Probability: 1.0000
  (Empty table)
Generated 16 candidate actions for next step
Processing top 3 candidates out of 16...
  [1/3] Added table from action: v5. enemy (confidence=2.0000, r_word=0.1000)
  [2/3] Added table from action: h1. swarm (confidence=2.0000, r_word=0.0000)
  [3/3] Added table from action: h4. totem (confidence=2.0000, r_word=0.1000)
Added 3 new tables to S (now |S|=4)
Best so far: r_word=0.1

============================================================
Iteration 1: |S| = 4 non-complete tables
============================================================

*** Sampled table #3 from S ***
  Length: 1 actions
  Score: 2.0000
  Probability: 0.2969
  Actions: ['h4. totem']
Generated 26 candidate actions for next step
Processing top 3 candidates out of 26...
  [1/3] Added table from action: v5. enemy (confidence=8.7000, r_word=0.2000)
  [2/3] Added table from action: h1. swarm (confidence=8.7000, r_word=0.1000)
  [3/3] Added table from action: v2. resow (confidence=7.7000, r_word=0.2000)
Added 3 new tables to S (now |S|=7)
Best so far: r_word=0.2

============================================================
Iteration 2: |S| = 7 non-complete tables
============================================================

*** Sampled table #5 from S ***
  Length: 2 actions
  Score: 8.7000
  Probability: 0.4216
  Actions: ['h4. totem', 'h1. swarm']
No candidates available, removing table from S

============================================================
Iteration 2: |S| = 6 non-complete tables
============================================================

*** Sampled table #4 from S ***
  Length: 2 actions
  Score: 8.7000
  Probability: 0.7288
  Actions: ['h4. totem', 'v5. enemy']
Generated 21 candidate actions for next step
Processing top 3 candidates out of 21...
  [1/3] Invalid table from v4. email (steps=3, impossible=True)
  [2/3] Added table from action: h1. horde (confidence=11.7000, r_word=0.2000)
  [3/3] Added table from action: v4. pager (confidence=11.2000, r_word=0.3000)
Added 2 new tables to S (now |S|=8)
Best so far: r_word=0.3

============================================================
Iteration 3: |S| = 8 non-complete tables
============================================================

*** Sampled table #7 from S ***
  Length: 3 actions
  Score: 11.2000
  Probability: 0.3621
  Actions: ['h4. totem', 'v5. enemy', 'v4. pager']
Generated 23 candidate actions for next step
Processing top 3 candidates out of 23...
  [1/3] Added table from action: v2. resow (confidence=12.7000, r_word=0.4000)
  [2/3] Added table from action: v1. grate (confidence=11.8000, r_word=0.3000)
  [3/3] Added table from action: h3. siege (confidence=11.7000, r_word=0.3000)
Added 3 new tables to S (now |S|=11)
Best so far: r_word=0.4

============================================================
Iteration 4: |S| = 11 non-complete tables
============================================================

*** Sampled table #8 from S ***
  Length: 4 actions
  Score: 12.7000
  Probability: 0.4183
  Actions: ['h4. totem', 'v5. enemy', 'v4. pager', 'v2. resow']
Generated 14 candidate actions for next step
Processing top 3 candidates out of 14...
  [1/3] Added table from action: h3. osage (confidence=19.4000, r_word=0.5000)
  [2/3] Invalid table from h1. group (steps=5, impossible=True)
  [3/3] Added table from action: v1. abuts (confidence=13.9000, r_word=0.4000)
Added 2 new tables to S (now |S|=13)
Best so far: r_word=0.5

============================================================
Iteration 5: |S| = 13 non-complete tables
============================================================

*** Sampled table #11 from S ***
  Length: 5 actions
  Score: 19.4000
  Probability: 0.9930
  Actions: ['h4. totem', 'v5. enemy', 'v4. pager', 'v2. resow', 'h3. osage']
Generated 19 candidate actions for next step
Processing top 3 candidates out of 19...
  [1/3] Added table from action: h5. ewery (confidence=20.5000, r_word=0.6000)
  [2/3] Added table from action: v3. abate (confidence=20.5000, r_word=0.5000)
  [3/3] Invalid table from h1. group (steps=6, impossible=True)
Added 2 new tables to S (now |S|=15)
Best so far: r_word=0.6

============================================================
Iteration 6: |S| = 15 non-complete tables
============================================================

*** Sampled table #13 from S ***
  Length: 6 actions
  Score: 20.5000
  Probability: 0.4282
  Actions: ['h4. totem', 'v5. enemy', 'v4. pager', 'v2. resow', 'h3. osage', 'h5. ewery']
Generated 8 candidate actions for next step
Processing top 3 candidates out of 8...
  [1/3] Added table from action: v3. abate (confidence=22.1000, r_word=0.6000)
  [2/3] Added table from action: h1. grope (confidence=21.3000, r_word=0.6000)
  [3/3] Added table from action: h2. recan (confidence=21.2000, r_word=0.6000)
Added 3 new tables to S (now |S|=18)
Best so far: r_word=0.6

============================================================
Iteration 7: |S| = 18 non-complete tables
============================================================

*** Sampled table #15 from S ***
  Length: 7 actions
  Score: 22.1000
  Probability: 0.4297
  Actions: ['h4. totem', 'v5. enemy', 'v4. pager', 'v2. resow', 'h3. osage', 'h5. ewery', 'v3. abate']
Generated 10 candidate actions for next step
Processing top 3 candidates out of 10...
  [1/3] Invalid table from v1. abate (steps=8, impossible=True)
  [2/3] Added table from action: h2. reban (confidence=22.9000, r_word=0.6000)
  [3/3] Added table from action: h1. drape (confidence=22.4000, r_word=0.6000)
Added 2 new tables to S (now |S|=20)
Best so far: r_word=0.6

============================================================
Iteration 8: |S| = 20 non-complete tables
============================================================

*** Sampled table #18 from S ***
  Length: 8 actions
  Score: 22.9000
  Probability: 0.3770
  Actions: ['h4. totem', 'v5. enemy', 'v4. pager', 'v2. resow', 'h3. osage', 'h5. ewery', 'v3. abate', 'h2. reban']
Generated 6 candidate actions for next step
Processing top 3 candidates out of 6...
  [1/3] Invalid table from v1. erate (steps=9, impossible=True)
  [2/3] Added table from action: h1. grape (confidence=23.3000, r_word=0.6000)
  [3/3] Added table from action: v1. erote (confidence=23.1000, r_word=0.6000)
Added 2 new tables to S (now |S|=22)
Best so far: r_word=0.6

============================================================
Iteration 9: |S| = 22 non-complete tables
============================================================

*** Sampled table #20 from S ***
  Length: 9 actions
  Score: 23.3000
  Probability: 0.2780
  Actions: ['h4. totem', 'v5. enemy', 'v4. pager', 'v2. resow', 'h3. osage', 'h5. ewery', 'v3. abate', 'h2. reban', 'h1. grape']
Generated 2 candidate actions for next step
Processing top 2 candidates out of 2...
  [1/2] Invalid table from v1. grate (steps=10, impossible=True)
  [2/2] Invalid table from v1. grote (steps=10, impossible=False)
Added 0 new tables to S (now |S|=22)
Best so far: r_word=0.6

============================================================
Iteration 10: |S| = 22 non-complete tables
============================================================

*** Sampled table #18 from S ***
  Length: 8 actions
  Score: 22.9000
  Probability: 0.1864
  Actions: ['h4. totem', 'v5. enemy', 'v4. pager', 'v2. resow', 'h3. osage', 'h5. ewery', 'v3. abate', 'h2. reban']
Generated 6 candidate actions for next step
Processing top 3 candidates out of 6...
  [1/3] Invalid table from v1. erate (steps=9, impossible=True)
  [2/3] Table from h1. grape already in S
  [3/3] Table from v1. erote already in S
Added 0 new tables to S (now |S|=22)
Best so far: r_word=0.6

============================================================
Iteration 11: |S| = 22 non-complete tables
============================================================

*** Sampled table #17 from S ***
  Length: 7 actions
  Score: 21.2000
  Probability: 0.0340
  Actions: ['h4. totem', 'v5. enemy', 'v4. pager', 'v2. resow', 'h3. osage', 'h5. ewery', 'h2. recan']
Generated 7 candidate actions for next step
Processing top 3 candidates out of 7...
  [1/3] Added table from action: v1. erote (confidence=23.8000, r_word=0.6000)
  [2/3] Invalid table from h1. group (steps=8, impossible=True)
  [3/3] Invalid table from v3. scare (steps=8, impossible=True)
Added 1 new tables to S (now |S|=23)
Best so far: r_word=0.6

============================================================
Iteration 12: |S| = 23 non-complete tables
============================================================

*** Sampled table #21 from S ***
  Length: 9 actions
  Score: 23.1000
  Probability: 0.1561
  Actions: ['h4. totem', 'v5. enemy', 'v4. pager', 'v2. resow', 'h3. osage', 'h5. ewery', 'v3. abate', 'h2. reban', 'v1. erote']
Generated 1 candidate actions for next step
Processing top 1 candidates out of 1...
  [1/1] Invalid table from h1. swarm (steps=10, impossible=True)
Added 0 new tables to S (now |S|=23)
Best so far: r_word=0.6

============================================================
Iteration 13: |S| = 23 non-complete tables
============================================================

*** Sampled table #18 from S ***
  Length: 8 actions
  Score: 22.9000
  Probability: 0.1278
  Actions: ['h4. totem', 'v5. enemy', 'v4. pager', 'v2. resow', 'h3. osage', 'h5. ewery', 'v3. abate', 'h2. reban']
Generated 6 candidate actions for next step
Processing top 3 candidates out of 6...
  [1/3] Invalid table from v1. erate (steps=9, impossible=True)
  [2/3] Table from h1. grape already in S
  [3/3] Table from v1. erote already in S
Added 0 new tables to S (now |S|=23)
Best so far: r_word=0.6

============================================================
Iteration 14: |S| = 23 non-complete tables
============================================================

*** Sampled table #17 from S ***
  Length: 7 actions
  Score: 21.2000
  Probability: 0.0233
  Actions: ['h4. totem', 'v5. enemy', 'v4. pager', 'v2. resow', 'h3. osage', 'h5. ewery', 'h2. recan']
Generated 7 candidate actions for next step
Processing top 3 candidates out of 7...
  [1/3] Table from v1. erote already in S
  [2/3] Invalid table from h1. group (steps=8, impossible=True)
  [3/3] Invalid table from v3. scare (steps=8, impossible=True)
Added 0 new tables to S (now |S|=23)
Best so far: r_word=0.6

============================================================
Iteration 15: |S| = 23 non-complete tables
============================================================

*** Sampled table #18 from S ***
  Length: 8 actions
  Score: 22.9000
  Probability: 0.1278
  Actions: ['h4. totem', 'v5. enemy', 'v4. pager', 'v2. resow', 'h3. osage', 'h5. ewery', 'v3. abate', 'h2. reban']
Generated 6 candidate actions for next step
Processing top 3 candidates out of 6...
  [1/3] Invalid table from v1. erate (steps=9, impossible=True)
  [2/3] Table from h1. grape already in S
  [3/3] Table from v1. erote already in S
Added 0 new tables to S (now |S|=23)
Best so far: r_word=0.6

============================================================
Iteration 16: |S| = 23 non-complete tables
============================================================

*** Sampled table #15 from S ***
  Length: 7 actions
  Score: 22.1000
  Probability: 0.0574
  Actions: ['h4. totem', 'v5. enemy', 'v4. pager', 'v2. resow', 'h3. osage', 'h5. ewery', 'v3. abate']
Generated 10 candidate actions for next step
Processing top 3 candidates out of 10...
  [1/3] Invalid table from v1. abate (steps=8, impossible=True)
  [2/3] Table from h2. reban already in S
  [3/3] Table from h1. drape already in S
Added 0 new tables to S (now |S|=23)
Best so far: r_word=0.6

============================================================
Iteration 17: |S| = 23 non-complete tables
============================================================

*** Sampled table #13 from S ***
  Length: 6 actions
  Score: 20.5000
  Probability: 0.0116
  Actions: ['h4. totem', 'v5. enemy', 'v4. pager', 'v2. resow', 'h3. osage', 'h5. ewery']
Generated 8 candidate actions for next step
Processing top 3 candidates out of 8...
  [1/3] Table from v3. abate already in S
  [2/3] Table from h1. grope already in S
  [3/3] Table from h2. recan already in S
Added 0 new tables to S (now |S|=23)
Best so far: r_word=0.6

============================================================
Iteration 18: |S| = 23 non-complete tables
============================================================

*** Sampled table #22 from S ***
  Length: 8 actions
  Score: 23.8000
  Probability: 0.3143
  Actions: ['h4. totem', 'v5. enemy', 'v4. pager', 'v2. resow', 'h3. osage', 'h5. ewery', 'h2. recan', 'v1. erote']
Generated 4 candidate actions for next step
Processing top 3 candidates out of 4...
  [1/3] Added table from action: h1. erupe (confidence=24.5000, r_word=0.6000)
  [2/3] Added table from action: v3. scate (confidence=24.5000, r_word=0.6000)
  [3/3] Added table from action: v3. acate (confidence=24.0000, r_word=0.6000)
Added 3 new tables to S (now |S|=26)
Best so far: r_word=0.6

============================================================
Iteration 19: |S| = 26 non-complete tables
============================================================

*** Sampled table #18 from S ***
  Length: 8 actions
  Score: 22.9000
  Probability: 0.0482
  Actions: ['h4. totem', 'v5. enemy', 'v4. pager', 'v2. resow', 'h3. osage', 'h5. ewery', 'v3. abate', 'h2. reban']
Generated 6 candidate actions for next step
Processing top 3 candidates out of 6...
  [1/3] Invalid table from v1. erate (steps=9, impossible=True)
  [2/3] Table from h1. grape already in S
  [3/3] Table from v1. erote already in S
Added 0 new tables to S (now |S|=26)
Best so far: r_word=0.6

Finished after 20 iterations with 26 steps logged
Final |S| = 26 tables
Total unique tables explored: 26
