
============================================================
Iteration 0: |S| = 1 non-complete tables
============================================================

*** Sampled table #0 from S ***
  Length: 0 actions
  Score: 1.0000
  Probability: 1.0000
  (Empty table)
Generated 12 candidate actions for next step
Processing top 3 candidates out of 12...
  [1/3] Added table from action: v4. spout (confidence=2.7000, r_word=0.0000)
  [2/3] Added table from action: h2. motor (confidence=2.7000, r_word=0.1000)
  [3/3] Added table from action: h5. scoff (confidence=1.7000, r_word=0.0000)
Added 3 new tables to S (now |S|=4)
Best so far: r_word=0.1

============================================================
Iteration 1: |S| = 4 non-complete tables
============================================================

*** Sampled table #2 from S ***
  Length: 1 actions
  Score: 2.7000
  Probability: 0.3921
  Actions: ['h2. motor']
Generated 10 candidate actions for next step
Processing top 3 candidates out of 10...
  [1/3] Added table from action: h4. salon (confidence=9.7000, r_word=0.1000)
  [2/3] Added table from action: h1. tasks (confidence=9.7000, r_word=0.1000)
  [3/3] Added table from action: v5. drier (confidence=9.1000, r_word=0.1000)
Added 3 new tables to S (now |S|=7)
Best so far: r_word=0.1

============================================================
Iteration 2: |S| = 7 non-complete tables
============================================================

*** Sampled table #6 from S ***
  Length: 2 actions
  Score: 9.1000
  Probability: 0.2151
  Actions: ['h2. motor', 'v5. drier']
Generated 15 candidate actions for next step
Processing top 3 candidates out of 15...
  [1/3] Invalid table from h1. deeds (steps=3, impossible=True)
  [2/3] Added table from action: v1. amass (confidence=14.1000, r_word=0.2000)
  [3/3] Invalid table from v3. think (steps=3, impossible=True)
Added 1 new tables to S (now |S|=8)
Best so far: r_word=0.2

============================================================
Iteration 3: |S| = 8 non-complete tables
============================================================

*** Sampled table #7 from S ***
  Length: 3 actions
  Score: 14.1000
  Probability: 0.9696
  Actions: ['h2. motor', 'v5. drier', 'v1. amass']
Generated 9 candidate actions for next step
Processing top 3 candidates out of 9...
  [1/3] Invalid table from h4. salon (steps=4, impossible=True)
  [2/3] Added table from action: h1. ahead (confidence=19.1000, r_word=0.2000)
  [3/3] Invalid table from h5. scorn (steps=4, impossible=True)
Added 1 new tables to S (now |S|=9)
Best so far: r_word=0.2

============================================================
Iteration 4: |S| = 9 non-complete tables
============================================================

*** Sampled table #8 from S ***
  Length: 4 actions
  Score: 19.1000
  Probability: 0.9931
  Actions: ['h2. motor', 'v5. drier', 'v1. amass', 'h1. ahead']
Generated 16 candidate actions for next step
Processing top 3 candidates out of 16...
  [1/3] Added table from action: h5. sneer (confidence=21.1000, r_word=0.2000)
  [2/3] Added table from action: h4. suite (confidence=20.3000, r_word=0.2000)
  [3/3] Invalid table from h5. scorn (steps=5, impossible=True)
Added 2 new tables to S (now |S|=11)
Best so far: r_word=0.2

============================================================
Iteration 5: |S| = 11 non-complete tables
============================================================

*** Sampled table #9 from S ***
  Length: 5 actions
  Score: 21.1000
  Probability: 0.6307
  Actions: ['h2. motor', 'v5. drier', 'v1. amass', 'h1. ahead', 'h5. sneer']
Generated 18 candidate actions for next step
Processing top 3 candidates out of 18...
  [1/3] Invalid table from h4. salon (steps=6, impossible=True)
  [2/3] Invalid table from h3. artsy (steps=6, impossible=True)
  [3/3] Invalid table from v4. adore (steps=6, impossible=True)
Added 0 new tables to S (now |S|=11)
Best so far: r_word=0.2

============================================================
Iteration 6: |S| = 11 non-complete tables
============================================================

*** Sampled table #9 from S ***
  Length: 5 actions
  Score: 21.1000
  Probability: 0.6307
  Actions: ['h2. motor', 'v5. drier', 'v1. amass', 'h1. ahead', 'h5. sneer']
Generated 18 candidate actions for next step
Processing top 3 candidates out of 18...
  [1/3] Invalid table from h4. salon (steps=6, impossible=True)
  [2/3] Invalid table from h3. artsy (steps=6, impossible=True)
  [3/3] Invalid table from v4. adore (steps=6, impossible=True)
Added 0 new tables to S (now |S|=11)
Best so far: r_word=0.2

============================================================
Iteration 7: |S| = 11 non-complete tables
============================================================

*** Sampled table #9 from S ***
  Length: 5 actions
  Score: 21.1000
  Probability: 0.6307
  Actions: ['h2. motor', 'v5. drier', 'v1. amass', 'h1. ahead', 'h5. sneer']
Generated 18 candidate actions for next step
Processing top 3 candidates out of 18...
  [1/3] Invalid table from h4. salon (steps=6, impossible=True)
  [2/3] Invalid table from h3. artsy (steps=6, impossible=True)
  [3/3] Invalid table from v4. adore (steps=6, impossible=True)
Added 0 new tables to S (now |S|=11)
Best so far: r_word=0.2

============================================================
Iteration 8: |S| = 11 non-complete tables
============================================================

*** Sampled table #9 from S ***
  Length: 5 actions
  Score: 21.1000
  Probability: 0.6307
  Actions: ['h2. motor', 'v5. drier', 'v1. amass', 'h1. ahead', 'h5. sneer']
Generated 18 candidate actions for next step
Processing top 3 candidates out of 18...
  [1/3] Invalid table from h4. salon (steps=6, impossible=True)
  [2/3] Invalid table from h3. artsy (steps=6, impossible=True)
  [3/3] Invalid table from v4. adore (steps=6, impossible=True)
Added 0 new tables to S (now |S|=11)
Best so far: r_word=0.2

============================================================
Iteration 9: |S| = 11 non-complete tables
============================================================

*** Sampled table #10 from S ***
  Length: 5 actions
  Score: 20.3000
  Probability: 0.2834
  Actions: ['h2. motor', 'v5. drier', 'v1. amass', 'h1. ahead', 'h4. suite']
Generated 12 candidate actions for next step
Processing top 3 candidates out of 12...
  [1/3] Added table from action: h5. sneer (confidence=22.3000, r_word=0.2000)
  [2/3] Invalid table from v4. about (steps=6, impossible=True)
  [3/3] Added table from action: v2. horus (confidence=20.9000, r_word=0.2000)
Added 2 new tables to S (now |S|=13)
Best so far: r_word=0.2

============================================================
Iteration 10: |S| = 13 non-complete tables
============================================================

*** Sampled table #9 from S ***
  Length: 5 actions
  Score: 21.1000
  Probability: 0.1747
  Actions: ['h2. motor', 'v5. drier', 'v1. amass', 'h1. ahead', 'h5. sneer']
Generated 18 candidate actions for next step
Processing top 3 candidates out of 18...
  [1/3] Invalid table from h4. salon (steps=6, impossible=True)
  [2/3] Invalid table from h3. artsy (steps=6, impossible=True)
  [3/3] Invalid table from v4. adore (steps=6, impossible=True)
Added 0 new tables to S (now |S|=13)
Best so far: r_word=0.2

============================================================
Iteration 11: |S| = 13 non-complete tables
============================================================

*** Sampled table #9 from S ***
  Length: 5 actions
  Score: 21.1000
  Probability: 0.1747
  Actions: ['h2. motor', 'v5. drier', 'v1. amass', 'h1. ahead', 'h5. sneer']
Generated 18 candidate actions for next step
Processing top 3 candidates out of 18...
  [1/3] Invalid table from h4. salon (steps=6, impossible=True)
  [2/3] Invalid table from h3. artsy (steps=6, impossible=True)
  [3/3] Invalid table from v4. adore (steps=6, impossible=True)
Added 0 new tables to S (now |S|=13)
Best so far: r_word=0.2

============================================================
Iteration 12: |S| = 13 non-complete tables
============================================================

*** Sampled table #11 from S ***
  Length: 6 actions
  Score: 22.3000
  Probability: 0.5800
  Actions: ['h2. motor', 'v5. drier', 'v1. amass', 'h1. ahead', 'h4. suite', 'h5. sneer']
Generated 11 candidate actions for next step
Processing top 3 candidates out of 11...
  [1/3] Invalid table from h3. artsy (steps=7, impossible=True)
  [2/3] Invalid table from v4. spout (steps=7, impossible=True)
  [3/3] Invalid table from v3. ettle (steps=7, impossible=True)
Added 0 new tables to S (now |S|=13)
Best so far: r_word=0.2

============================================================
Iteration 13: |S| = 13 non-complete tables
============================================================

*** Sampled table #9 from S ***
  Length: 5 actions
  Score: 21.1000
  Probability: 0.1747
  Actions: ['h2. motor', 'v5. drier', 'v1. amass', 'h1. ahead', 'h5. sneer']
Generated 18 candidate actions for next step
Processing top 3 candidates out of 18...
  [1/3] Invalid table from h4. salon (steps=6, impossible=True)
  [2/3] Invalid table from h3. artsy (steps=6, impossible=True)
  [3/3] Invalid table from v4. adore (steps=6, impossible=True)
Added 0 new tables to S (now |S|=13)
Best so far: r_word=0.2

============================================================
Iteration 14: |S| = 13 non-complete tables
============================================================

*** Sampled table #9 from S ***
  Length: 5 actions
  Score: 21.1000
  Probability: 0.1747
  Actions: ['h2. motor', 'v5. drier', 'v1. amass', 'h1. ahead', 'h5. sneer']
Generated 18 candidate actions for next step
Processing top 3 candidates out of 18...
  [1/3] Invalid table from h4. salon (steps=6, impossible=True)
  [2/3] Invalid table from h3. artsy (steps=6, impossible=True)
  [3/3] Invalid table from v4. adore (steps=6, impossible=True)
Added 0 new tables to S (now |S|=13)
Best so far: r_word=0.2

============================================================
Iteration 15: |S| = 13 non-complete tables
============================================================

*** Sampled table #11 from S ***
  Length: 6 actions
  Score: 22.3000
  Probability: 0.5800
  Actions: ['h2. motor', 'v5. drier', 'v1. amass', 'h1. ahead', 'h4. suite', 'h5. sneer']
Generated 11 candidate actions for next step
Processing top 3 candidates out of 11...
  [1/3] Invalid table from h3. artsy (steps=7, impossible=True)
  [2/3] Invalid table from v4. spout (steps=7, impossible=True)
  [3/3] Invalid table from v3. ettle (steps=7, impossible=True)
Added 0 new tables to S (now |S|=13)
Best so far: r_word=0.2

============================================================
Iteration 16: |S| = 13 non-complete tables
============================================================

*** Sampled table #11 from S ***
  Length: 6 actions
  Score: 22.3000
  Probability: 0.5800
  Actions: ['h2. motor', 'v5. drier', 'v1. amass', 'h1. ahead', 'h4. suite', 'h5. sneer']
Generated 11 candidate actions for next step
Processing top 3 candidates out of 11...
  [1/3] Invalid table from h3. artsy (steps=7, impossible=True)
  [2/3] Invalid table from v4. spout (steps=7, impossible=True)
  [3/3] Invalid table from v3. ettle (steps=7, impossible=True)
Added 0 new tables to S (now |S|=13)
Best so far: r_word=0.2

============================================================
Iteration 17: |S| = 13 non-complete tables
============================================================

*** Sampled table #9 from S ***
  Length: 5 actions
  Score: 21.1000
  Probability: 0.1747
  Actions: ['h2. motor', 'v5. drier', 'v1. amass', 'h1. ahead', 'h5. sneer']
Generated 18 candidate actions for next step
Processing top 3 candidates out of 18...
  [1/3] Invalid table from h4. salon (steps=6, impossible=True)
  [2/3] Invalid table from h3. artsy (steps=6, impossible=True)
  [3/3] Invalid table from v4. adore (steps=6, impossible=True)
Added 0 new tables to S (now |S|=13)
Best so far: r_word=0.2

============================================================
Iteration 18: |S| = 13 non-complete tables
============================================================

*** Sampled table #10 from S ***
  Length: 5 actions
  Score: 20.3000
  Probability: 0.0785
  Actions: ['h2. motor', 'v5. drier', 'v1. amass', 'h1. ahead', 'h4. suite']
Generated 12 candidate actions for next step
Processing top 3 candidates out of 12...
  [1/3] Table from h5. sneer already in S
  [2/3] Invalid table from v4. about (steps=6, impossible=True)
  [3/3] Table from v2. horus already in S
Added 0 new tables to S (now |S|=13)
Best so far: r_word=0.2

============================================================
Iteration 19: |S| = 13 non-complete tables
============================================================

*** Sampled table #11 from S ***
  Length: 6 actions
  Score: 22.3000
  Probability: 0.5800
  Actions: ['h2. motor', 'v5. drier', 'v1. amass', 'h1. ahead', 'h4. suite', 'h5. sneer']
Generated 11 candidate actions for next step
Processing top 3 candidates out of 11...
  [1/3] Invalid table from h3. artsy (steps=7, impossible=True)
  [2/3] Invalid table from v4. spout (steps=7, impossible=True)
  [3/3] Invalid table from v3. ettle (steps=7, impossible=True)
Added 0 new tables to S (now |S|=13)
Best so far: r_word=0.2

Finished after 20 iterations with 12 steps logged
Final |S| = 13 tables
Total unique tables explored: 13
