
============================================================
Iteration 0: |S| = 1 non-complete tables
============================================================

*** Sampled table #0 from S ***
  Length: 0 actions
  Score: 1.0000
  Probability: 1.0000
  (Empty table)
Generated 14 candidate actions for next step
Processing top 3 candidates out of 14...
  [1/3] Added table from action: v1. croak (confidence=1.5000, r_word=0.1000)
  [2/3] Added table from action: h5. karst (confidence=1.5000, r_word=0.1000)
  [3/3] Added table from action: h1. clasp (confidence=1.5000, r_word=0.0000)
Added 3 new tables to S (now |S|=4)
Best so far: r_word=0.1

============================================================
Iteration 1: |S| = 4 non-complete tables
============================================================

*** Sampled table #1 from S ***
  Length: 1 actions
  Score: 1.5000
  Probability: 0.2773
  Actions: ['v1. croak']
Generated 13 candidate actions for next step
Processing top 3 candidates out of 13...
  [1/3] Added table from action: h5. karst (confidence=4.5000, r_word=0.2000)
  [2/3] Added table from action: h1. clasp (confidence=4.5000, r_word=0.1000)
  [3/3] Added table from action: h4. alarm (confidence=3.2000, r_word=0.1000)
Added 3 new tables to S (now |S|=7)
Best so far: r_word=0.2

============================================================
Iteration 2: |S| = 7 non-complete tables
============================================================

*** Sampled table #5 from S ***
  Length: 2 actions
  Score: 4.5000
  Probability: 0.4078
  Actions: ['v1. croak', 'h1. clasp']
Generated 11 candidate actions for next step
Processing top 3 candidates out of 11...
  [1/3] Added table from action: h5. karst (confidence=11.5000, r_word=0.2000)
  [2/3] Added table from action: h4. alarm (confidence=11.0000, r_word=0.1000)
  [3/3] Added table from action: h3. ombre (confidence=11.0000, r_word=0.2000)
Added 3 new tables to S (now |S|=10)
Best so far: r_word=0.2

============================================================
Iteration 3: |S| = 10 non-complete tables
============================================================

*** Sampled table #7 from S ***
  Length: 3 actions
  Score: 11.5000
  Probability: 0.4514
  Actions: ['v1. croak', 'h1. clasp', 'h5. karst']
Generated 21 candidate actions for next step
Processing top 3 candidates out of 21...
  [1/3] Added table from action: h4. alarm (confidence=17.7000, r_word=0.2000)
  [2/3] Added table from action: h3. ombre (confidence=17.5000, r_word=0.3000)
  [3/3] Added table from action: h2. razor (confidence=17.5000, r_word=0.2000)
Added 3 new tables to S (now |S|=13)
Best so far: r_word=0.3

============================================================
Iteration 4: |S| = 13 non-complete tables
============================================================

*** Sampled table #10 from S ***
  Length: 4 actions
  Score: 17.7000
  Probability: 0.3785
  Actions: ['v1. croak', 'h1. clasp', 'h5. karst', 'h4. alarm']
Generated 22 candidate actions for next step
Processing top 3 candidates out of 22...
  [1/3] Added table from action: h3. ombre (confidence=24.7000, r_word=0.3000)
  [2/3] Added table from action: h2. razor (confidence=22.7000, r_word=0.2000)
  [3/3] Added table from action: h2. ruler (confidence=20.7000, r_word=0.2000)
Added 3 new tables to S (now |S|=16)
Best so far: r_word=0.3

============================================================
Iteration 5: |S| = 16 non-complete tables
============================================================

*** Sampled table #13 from S ***
  Length: 5 actions
  Score: 24.7000
  Probability: 0.8650
  Actions: ['v1. croak', 'h1. clasp', 'h5. karst', 'h4. alarm', 'h3. ombre']
Generated 14 candidate actions for next step
Processing top 3 candidates out of 14...
  [1/3] Added table from action: h2. razor (confidence=32.7000, r_word=0.3000)
  [2/3] Invalid table from v4. sorry (steps=6, impossible=True)
  [3/3] Invalid table from v2. limma (steps=6, impossible=True)
Added 1 new tables to S (now |S|=17)
Best so far: r_word=0.3

============================================================
Iteration 6: |S| = 17 non-complete tables
============================================================

*** Sampled table #16 from S ***
  Length: 6 actions
  Score: 32.7000
  Probability: 0.9996
  Actions: ['v1. croak', 'h1. clasp', 'h5. karst', 'h4. alarm', 'h3. ombre', 'h2. razor']
Generated 6 candidate actions for next step
Processing top 3 candidates out of 6...
  [1/3] Invalid table from v3. ousts (steps=7, impossible=True)
  [2/3] Invalid table from v5. toast (steps=7, impossible=True)
  [3/3] Invalid table from v4. pshaw (steps=7, impossible=True)
Added 0 new tables to S (now |S|=17)
Best so far: r_word=0.3

============================================================
Iteration 7: |S| = 17 non-complete tables
============================================================

*** Sampled table #16 from S ***
  Length: 6 actions
  Score: 32.7000
  Probability: 0.9996
  Actions: ['v1. croak', 'h1. clasp', 'h5. karst', 'h4. alarm', 'h3. ombre', 'h2. razor']
Generated 6 candidate actions for next step
Processing top 3 candidates out of 6...
  [1/3] Invalid table from v3. ousts (steps=7, impossible=True)
  [2/3] Invalid table from v5. toast (steps=7, impossible=True)
  [3/3] Invalid table from v4. pshaw (steps=7, impossible=True)
Added 0 new tables to S (now |S|=17)
Best so far: r_word=0.3

============================================================
Iteration 8: |S| = 17 non-complete tables
============================================================

*** Sampled table #16 from S ***
  Length: 6 actions
  Score: 32.7000
  Probability: 0.9996
  Actions: ['v1. croak', 'h1. clasp', 'h5. karst', 'h4. alarm', 'h3. ombre', 'h2. razor']
Generated 6 candidate actions for next step
Processing top 3 candidates out of 6...
  [1/3] Invalid table from v3. ousts (steps=7, impossible=True)
  [2/3] Invalid table from v5. toast (steps=7, impossible=True)
  [3/3] Invalid table from v4. pshaw (steps=7, impossible=True)
Added 0 new tables to S (now |S|=17)
Best so far: r_word=0.3

============================================================
Iteration 9: |S| = 17 non-complete tables
============================================================

*** Sampled table #16 from S ***
  Length: 6 actions
  Score: 32.7000
  Probability: 0.9996
  Actions: ['v1. croak', 'h1. clasp', 'h5. karst', 'h4. alarm', 'h3. ombre', 'h2. razor']
Generated 6 candidate actions for next step
Processing top 3 candidates out of 6...
  [1/3] Invalid table from v3. ousts (steps=7, impossible=True)
  [2/3] Invalid table from v5. toast (steps=7, impossible=True)
  [3/3] Invalid table from v4. pshaw (steps=7, impossible=True)
Added 0 new tables to S (now |S|=17)
Best so far: r_word=0.3

============================================================
Iteration 10: |S| = 17 non-complete tables
============================================================

*** Sampled table #16 from S ***
  Length: 6 actions
  Score: 32.7000
  Probability: 0.9996
  Actions: ['v1. croak', 'h1. clasp', 'h5. karst', 'h4. alarm', 'h3. ombre', 'h2. razor']
Generated 6 candidate actions for next step
Processing top 3 candidates out of 6...
  [1/3] Invalid table from v3. ousts (steps=7, impossible=True)
  [2/3] Invalid table from v5. toast (steps=7, impossible=True)
  [3/3] Invalid table from v4. pshaw (steps=7, impossible=True)
Added 0 new tables to S (now |S|=17)
Best so far: r_word=0.3

============================================================
Iteration 11: |S| = 17 non-complete tables
============================================================

*** Sampled table #16 from S ***
  Length: 6 actions
  Score: 32.7000
  Probability: 0.9996
  Actions: ['v1. croak', 'h1. clasp', 'h5. karst', 'h4. alarm', 'h3. ombre', 'h2. razor']
Generated 6 candidate actions for next step
Processing top 3 candidates out of 6...
  [1/3] Invalid table from v3. ousts (steps=7, impossible=True)
  [2/3] Invalid table from v5. toast (steps=7, impossible=True)
  [3/3] Invalid table from v4. pshaw (steps=7, impossible=True)
Added 0 new tables to S (now |S|=17)
Best so far: r_word=0.3

============================================================
Iteration 12: |S| = 17 non-complete tables
============================================================

*** Sampled table #16 from S ***
  Length: 6 actions
  Score: 32.7000
  Probability: 0.9996
  Actions: ['v1. croak', 'h1. clasp', 'h5. karst', 'h4. alarm', 'h3. ombre', 'h2. razor']
Generated 6 candidate actions for next step
Processing top 3 candidates out of 6...
  [1/3] Invalid table from v3. ousts (steps=7, impossible=True)
  [2/3] Invalid table from v5. toast (steps=7, impossible=True)
  [3/3] Invalid table from v4. pshaw (steps=7, impossible=True)
Added 0 new tables to S (now |S|=17)
Best so far: r_word=0.3

============================================================
Iteration 13: |S| = 17 non-complete tables
============================================================

*** Sampled table #16 from S ***
  Length: 6 actions
  Score: 32.7000
  Probability: 0.9996
  Actions: ['v1. croak', 'h1. clasp', 'h5. karst', 'h4. alarm', 'h3. ombre', 'h2. razor']
Generated 6 candidate actions for next step
Processing top 3 candidates out of 6...
  [1/3] Invalid table from v3. ousts (steps=7, impossible=True)
  [2/3] Invalid table from v5. toast (steps=7, impossible=True)
  [3/3] Invalid table from v4. pshaw (steps=7, impossible=True)
Added 0 new tables to S (now |S|=17)
Best so far: r_word=0.3

============================================================
Iteration 14: |S| = 17 non-complete tables
============================================================

*** Sampled table #16 from S ***
  Length: 6 actions
  Score: 32.7000
  Probability: 0.9996
  Actions: ['v1. croak', 'h1. clasp', 'h5. karst', 'h4. alarm', 'h3. ombre', 'h2. razor']
Generated 6 candidate actions for next step
Processing top 3 candidates out of 6...
  [1/3] Invalid table from v3. ousts (steps=7, impossible=True)
  [2/3] Invalid table from v5. toast (steps=7, impossible=True)
  [3/3] Invalid table from v4. pshaw (steps=7, impossible=True)
Added 0 new tables to S (now |S|=17)
Best so far: r_word=0.3

============================================================
Iteration 15: |S| = 17 non-complete tables
============================================================

*** Sampled table #16 from S ***
  Length: 6 actions
  Score: 32.7000
  Probability: 0.9996
  Actions: ['v1. croak', 'h1. clasp', 'h5. karst', 'h4. alarm', 'h3. ombre', 'h2. razor']
Generated 6 candidate actions for next step
Processing top 3 candidates out of 6...
  [1/3] Invalid table from v3. ousts (steps=7, impossible=True)
  [2/3] Invalid table from v5. toast (steps=7, impossible=True)
  [3/3] Invalid table from v4. pshaw (steps=7, impossible=True)
Added 0 new tables to S (now |S|=17)
Best so far: r_word=0.3

============================================================
Iteration 16: |S| = 17 non-complete tables
============================================================

*** Sampled table #16 from S ***
  Length: 6 actions
  Score: 32.7000
  Probability: 0.9996
  Actions: ['v1. croak', 'h1. clasp', 'h5. karst', 'h4. alarm', 'h3. ombre', 'h2. razor']
Generated 6 candidate actions for next step
Processing top 3 candidates out of 6...
  [1/3] Invalid table from v3. ousts (steps=7, impossible=True)
  [2/3] Invalid table from v5. toast (steps=7, impossible=True)
  [3/3] Invalid table from v4. pshaw (steps=7, impossible=True)
Added 0 new tables to S (now |S|=17)
Best so far: r_word=0.3

============================================================
Iteration 17: |S| = 17 non-complete tables
============================================================

*** Sampled table #16 from S ***
  Length: 6 actions
  Score: 32.7000
  Probability: 0.9996
  Actions: ['v1. croak', 'h1. clasp', 'h5. karst', 'h4. alarm', 'h3. ombre', 'h2. razor']
Generated 6 candidate actions for next step
Processing top 3 candidates out of 6...
  [1/3] Invalid table from v3. ousts (steps=7, impossible=True)
  [2/3] Invalid table from v5. toast (steps=7, impossible=True)
  [3/3] Invalid table from v4. pshaw (steps=7, impossible=True)
Added 0 new tables to S (now |S|=17)
Best so far: r_word=0.3

============================================================
Iteration 18: |S| = 17 non-complete tables
============================================================

*** Sampled table #16 from S ***
  Length: 6 actions
  Score: 32.7000
  Probability: 0.9996
  Actions: ['v1. croak', 'h1. clasp', 'h5. karst', 'h4. alarm', 'h3. ombre', 'h2. razor']
Generated 6 candidate actions for next step
Processing top 3 candidates out of 6...
  [1/3] Invalid table from v3. ousts (steps=7, impossible=True)
  [2/3] Invalid table from v5. toast (steps=7, impossible=True)
  [3/3] Invalid table from v4. pshaw (steps=7, impossible=True)
Added 0 new tables to S (now |S|=17)
Best so far: r_word=0.3

============================================================
Iteration 19: |S| = 17 non-complete tables
============================================================

*** Sampled table #16 from S ***
  Length: 6 actions
  Score: 32.7000
  Probability: 0.9996
  Actions: ['v1. croak', 'h1. clasp', 'h5. karst', 'h4. alarm', 'h3. ombre', 'h2. razor']
Generated 6 candidate actions for next step
Processing top 3 candidates out of 6...
  [1/3] Invalid table from v3. ousts (steps=7, impossible=True)
  [2/3] Invalid table from v5. toast (steps=7, impossible=True)
  [3/3] Invalid table from v4. pshaw (steps=7, impossible=True)
Added 0 new tables to S (now |S|=17)
Best so far: r_word=0.3

Finished after 20 iterations with 16 steps logged
Final |S| = 17 tables
Total unique tables explored: 17
