
============================================================
Iteration 0: |S| = 1 non-complete tables
============================================================

*** Sampled table #0 from S ***
  Length: 0 actions
  Score: 1.0000
  Probability: 1.0000
  (Empty table)
Generated 11 candidate actions for next step
Processing top 3 candidates out of 11...
  [1/3] Added table from action: v1. duomo (confidence=4.0000, r_word=0.1000)
  [2/3] Added table from action: v2. invar (confidence=4.0000, r_word=0.1000)
  [3/3] Added table from action: v4. delta (confidence=4.0000, r_word=0.0000)
Added 3 new tables to S (now |S|=4)
Best so far: r_word=0.1

============================================================
Iteration 1: |S| = 4 non-complete tables
============================================================

*** Sampled table #3 from S ***
  Length: 1 actions
  Score: 4.0000
  Probability: 0.3279
  Actions: ['v4. delta']
Generated 14 candidate actions for next step
Processing top 3 candidates out of 14...
  [1/3] Invalid table from h3. overt (steps=2, impossible=True)
  [2/3] Added table from action: v1. duomo (confidence=7.6000, r_word=0.1000)
  [3/3] Invalid table from h5. order (steps=2, impossible=True)
Added 1 new tables to S (now |S|=5)
Best so far: r_word=0.1

============================================================
Iteration 2: |S| = 5 non-complete tables
============================================================

*** Sampled table #4 from S ***
  Length: 2 actions
  Score: 7.6000
  Probability: 0.9231
  Actions: ['v4. delta', 'v1. duomo']
Generated 18 candidate actions for next step
Processing top 3 candidates out of 18...
  [1/3] Invalid table from h3. overt (steps=3, impossible=True)
  [2/3] Invalid table from h4. manse (steps=3, impossible=True)
  [3/3] Invalid table from h5. order (steps=3, impossible=True)
Added 0 new tables to S (now |S|=5)
Best so far: r_word=0.1

============================================================
Iteration 3: |S| = 5 non-complete tables
============================================================

*** Sampled table #4 from S ***
  Length: 2 actions
  Score: 7.6000
  Probability: 0.9231
  Actions: ['v4. delta', 'v1. duomo']
Generated 18 candidate actions for next step
Processing top 3 candidates out of 18...
  [1/3] Invalid table from h3. overt (steps=3, impossible=True)
  [2/3] Invalid table from h4. manse (steps=3, impossible=True)
  [3/3] Invalid table from h5. order (steps=3, impossible=True)
Added 0 new tables to S (now |S|=5)
Best so far: r_word=0.1

============================================================
Iteration 4: |S| = 5 non-complete tables
============================================================

*** Sampled table #4 from S ***
  Length: 2 actions
  Score: 7.6000
  Probability: 0.9231
  Actions: ['v4. delta', 'v1. duomo']
Generated 18 candidate actions for next step
Processing top 3 candidates out of 18...
  [1/3] Invalid table from h3. overt (steps=3, impossible=True)
  [2/3] Invalid table from h4. manse (steps=3, impossible=True)
  [3/3] Invalid table from h5. order (steps=3, impossible=True)
Added 0 new tables to S (now |S|=5)
Best so far: r_word=0.1

============================================================
Iteration 5: |S| = 5 non-complete tables
============================================================

*** Sampled table #4 from S ***
  Length: 2 actions
  Score: 7.6000
  Probability: 0.9231
  Actions: ['v4. delta', 'v1. duomo']
Generated 18 candidate actions for next step
Processing top 3 candidates out of 18...
  [1/3] Invalid table from h3. overt (steps=3, impossible=True)
  [2/3] Invalid table from h4. manse (steps=3, impossible=True)
  [3/3] Invalid table from h5. order (steps=3, impossible=True)
Added 0 new tables to S (now |S|=5)
Best so far: r_word=0.1

============================================================
Iteration 6: |S| = 5 non-complete tables
============================================================

*** Sampled table #4 from S ***
  Length: 2 actions
  Score: 7.6000
  Probability: 0.9231
  Actions: ['v4. delta', 'v1. duomo']
Generated 18 candidate actions for next step
Processing top 3 candidates out of 18...
  [1/3] Invalid table from h3. overt (steps=3, impossible=True)
  [2/3] Invalid table from h4. manse (steps=3, impossible=True)
  [3/3] Invalid table from h5. order (steps=3, impossible=True)
Added 0 new tables to S (now |S|=5)
Best so far: r_word=0.1

============================================================
Iteration 7: |S| = 5 non-complete tables
============================================================

*** Sampled table #4 from S ***
  Length: 2 actions
  Score: 7.6000
  Probability: 0.9231
  Actions: ['v4. delta', 'v1. duomo']
Generated 18 candidate actions for next step
Processing top 3 candidates out of 18...
  [1/3] Invalid table from h3. overt (steps=3, impossible=True)
  [2/3] Invalid table from h4. manse (steps=3, impossible=True)
  [3/3] Invalid table from h5. order (steps=3, impossible=True)
Added 0 new tables to S (now |S|=5)
Best so far: r_word=0.1

============================================================
Iteration 8: |S| = 5 non-complete tables
============================================================

*** Sampled table #1 from S ***
  Length: 1 actions
  Score: 4.0000
  Probability: 0.0252
  Actions: ['v1. duomo']
Generated 13 candidate actions for next step
Processing top 3 candidates out of 13...
  [1/3] Added table from action: h5. order (confidence=8.0000, r_word=0.2000)
  [2/3] Added table from action: h4. manse (confidence=8.0000, r_word=0.2000)
  [3/3] Added table from action: h3. overt (confidence=8.0000, r_word=0.2000)
Added 3 new tables to S (now |S|=8)
Best so far: r_word=0.2

============================================================
Iteration 9: |S| = 8 non-complete tables
============================================================

*** Sampled table #4 from S ***
  Length: 2 actions
  Score: 7.6000
  Probability: 0.1799
  Actions: ['v4. delta', 'v1. duomo']
Generated 18 candidate actions for next step
Processing top 3 candidates out of 18...
  [1/3] Invalid table from h3. overt (steps=3, impossible=True)
  [2/3] Invalid table from h4. manse (steps=3, impossible=True)
  [3/3] Invalid table from h5. order (steps=3, impossible=True)
Added 0 new tables to S (now |S|=8)
Best so far: r_word=0.2

============================================================
Iteration 10: |S| = 8 non-complete tables
============================================================

*** Sampled table #5 from S ***
  Length: 2 actions
  Score: 8.0000
  Probability: 0.2684
  Actions: ['v1. duomo', 'h5. order']
Generated 16 candidate actions for next step
Processing top 3 candidates out of 16...
  [1/3] Added table from action: h1. disco (confidence=15.0000, r_word=0.3000)
  [2/3] Added table from action: v5. otter (confidence=14.5000, r_word=0.3000)
  [3/3] Added table from action: v2. invar (confidence=14.5000, r_word=0.3000)
Added 3 new tables to S (now |S|=11)
Best so far: r_word=0.3

============================================================
Iteration 11: |S| = 11 non-complete tables
============================================================

*** Sampled table #8 from S ***
  Length: 3 actions
  Score: 15.0000
  Probability: 0.4512
  Actions: ['v1. duomo', 'h5. order', 'h1. disco']
No candidates available, removing table from S

============================================================
Iteration 11: |S| = 10 non-complete tables
============================================================

*** Sampled table #8 from S ***
  Length: 3 actions
  Score: 14.5000
  Probability: 0.4986
  Actions: ['v1. duomo', 'h5. order', 'v5. otter']
Generated 9 candidate actions for next step
Processing top 3 candidates out of 9...
  [1/3] Invalid table from v4. delta (steps=4, impossible=True)
  [2/3] Added table from action: h2. unhat (confidence=18.5000, r_word=0.4000)
  [3/3] Added table from action: v2. invar (confidence=18.5000, r_word=0.4000)
Added 2 new tables to S (now |S|=12)
Best so far: r_word=0.4

============================================================
Iteration 12: |S| = 12 non-complete tables
============================================================

*** Sampled table #11 from S ***
  Length: 4 actions
  Score: 18.5000
  Probability: 0.4910
  Actions: ['v1. duomo', 'h5. order', 'v5. otter', 'v2. invar']
Generated 12 candidate actions for next step
Processing top 3 candidates out of 12...
  [1/3] Added table from action: h4. manse (confidence=25.5000, r_word=0.5000)
  [2/3] Added table from action: h3. overt (confidence=25.5000, r_word=0.5000)
  [3/3] Added table from action: h2. unhat (confidence=25.5000, r_word=0.5000)
Added 3 new tables to S (now |S|=15)
Best so far: r_word=0.5

============================================================
Iteration 13: |S| = 15 non-complete tables
============================================================

*** Sampled table #13 from S ***
  Length: 5 actions
  Score: 25.5000
  Probability: 0.3331
  Actions: ['v1. duomo', 'h5. order', 'v5. otter', 'v2. invar', 'h3. overt']
Generated 10 candidate actions for next step
Processing top 3 candidates out of 10...
  [1/3] Added table from action: h1. disco (confidence=33.5000, r_word=0.6000)
  [2/3] Added table from action: h2. unhat (confidence=33.5000, r_word=0.6000)
  [3/3] Added table from action: h4. manse (confidence=33.5000, r_word=0.6000)
Added 3 new tables to S (now |S|=18)
Best so far: r_word=0.6

============================================================
Iteration 14: |S| = 18 non-complete tables
============================================================

*** Sampled table #16 from S ***
  Length: 6 actions
  Score: 33.5000
  Probability: 0.3332
  Actions: ['v1. duomo', 'h5. order', 'v5. otter', 'v2. invar', 'h3. overt', 'h2. unhat']
Generated 8 candidate actions for next step
Processing top 3 candidates out of 8...
  [1/3] Added table from action: h4. manse (confidence=40.5000, r_word=0.7000)
  [2/3] Added table from action: h1. disco (confidence=40.5000, r_word=0.7000)
  [3/3] Invalid table from v3. chide (steps=7, impossible=True)
Added 2 new tables to S (now |S|=20)
Best so far: r_word=0.7

============================================================
Iteration 15: |S| = 20 non-complete tables
============================================================

*** Sampled table #19 from S ***
  Length: 7 actions
  Score: 40.5000
  Probability: 0.4993
  Actions: ['v1. duomo', 'h5. order', 'v5. otter', 'v2. invar', 'h3. overt', 'h2. unhat', 'h1. disco']
Generated 6 candidate actions for next step
Processing top 3 candidates out of 6...
  [1/3] Added table from action: h4. manse (confidence=48.5000, r_word=1.0000)
  [2/3] Added table from action: v3. shend (confidence=46.7000, r_word=0.8000)
  [3/3] Added table from action: v4. carse (confidence=41.5000, r_word=0.8000)
Added 3 new tables to S (now |S|=23)
Best so far: r_word=1.0

============================================================
Iteration 16: |S| = 23 non-complete tables
============================================================

*** Sampled table #20 from S ***
  Length: 8 actions
  Score: 48.5000
  Probability: 0.8570
  Actions: ['v1. duomo', 'h5. order', 'v5. otter', 'v2. invar', 'h3. overt', 'h2. unhat', 'h1. disco', 'h4. manse']
Generated 2 candidate actions for next step
Processing top 2 candidates out of 2...
  [1/2] Added table from action: v4. carse (confidence=56.5000, r_word=1.0000)
  [2/2] Added table from action: v3. shend (confidence=56.5000, r_word=1.0000)
Added 2 new tables to S (now |S|=25)
Best so far: r_word=1.0

============================================================
Iteration 17: |S| = 25 non-complete tables
============================================================

*** Sampled table #24 from S ***
  Length: 9 actions
  Score: 56.5000
  Probability: 0.4999
  Actions: ['v1. duomo', 'h5. order', 'v5. otter', 'v2. invar', 'h3. overt', 'h2. unhat', 'h1. disco', 'h4. manse', 'v3. shend']
Generated 1 candidate actions for next step
Processing top 1 candidates out of 1...
  [1/1] Invalid table from v4. carse (steps=10, impossible=False)
Added 0 new tables to S (now |S|=25)
Best so far: r_word=1.0

============================================================
Iteration 18: |S| = 25 non-complete tables
============================================================

*** Sampled table #23 from S ***
  Length: 9 actions
  Score: 56.5000
  Probability: 0.4999
  Actions: ['v1. duomo', 'h5. order', 'v5. otter', 'v2. invar', 'h3. overt', 'h2. unhat', 'h1. disco', 'h4. manse', 'v4. carse']
Generated 1 candidate actions for next step
Processing top 1 candidates out of 1...
  [1/1] Invalid table from v3. shend (steps=10, impossible=False)
Added 0 new tables to S (now |S|=25)
Best so far: r_word=1.0

============================================================
Iteration 19: |S| = 25 non-complete tables
============================================================

*** Sampled table #23 from S ***
  Length: 9 actions
  Score: 56.5000
  Probability: 0.4999
  Actions: ['v1. duomo', 'h5. order', 'v5. otter', 'v2. invar', 'h3. overt', 'h2. unhat', 'h1. disco', 'h4. manse', 'v4. carse']
Generated 1 candidate actions for next step
Processing top 1 candidates out of 1...
  [1/1] Invalid table from v3. shend (steps=10, impossible=False)
Added 0 new tables to S (now |S|=25)
Best so far: r_word=1.0

Finished after 20 iterations with 25 steps logged
Final |S| = 25 tables
Total unique tables explored: 25
