
============================================================
Iteration 0: |S| = 1 non-complete tables
============================================================

*** Sampled table #0 from S ***
  Length: 0 actions
  Score: 1.0000
  Probability: 1.0000
  (Empty table)
Generated 14 candidate actions for next step
Processing top 3 candidates out of 14...
  [1/3] Added table from action: v2. ricer (confidence=1.5000, r_word=0.1000)
  [2/3] Added table from action: v5. treed (confidence=1.2000, r_word=0.1000)
  [3/3] Added table from action: h5. tread (confidence=1.2000, r_word=0.1000)
Added 3 new tables to S (now |S|=4)
Best so far: r_word=0.1

============================================================
Iteration 1: |S| = 4 non-complete tables
============================================================

*** Sampled table #1 from S ***
  Length: 1 actions
  Score: 1.5000
  Probability: 0.3238
  Actions: ['v2. ricer']
Generated 19 candidate actions for next step
Processing top 3 candidates out of 19...
  [1/3] Added table from action: h5. tread (confidence=3.4000, r_word=0.2000)
  [2/3] Added table from action: h4. sense (confidence=2.6000, r_word=0.2000)
  [3/3] Invalid table from h3. carve (steps=2, impossible=True)
Added 2 new tables to S (now |S|=6)
Best so far: r_word=0.2

============================================================
Iteration 2: |S| = 6 non-complete tables
============================================================

*** Sampled table #5 from S ***
  Length: 2 actions
  Score: 2.6000
  Probability: 0.2351
  Actions: ['v2. ricer', 'h4. sense']
Generated 24 candidate actions for next step
Processing top 3 candidates out of 24...
  [1/3] Added table from action: v5. treed (confidence=8.8000, r_word=0.3000)
  [2/3] Added table from action: h5. tread (confidence=8.8000, r_word=0.3000)
  [3/3] Added table from action: h1. press (confidence=7.6000, r_word=0.2000)
Added 3 new tables to S (now |S|=9)
Best so far: r_word=0.3

============================================================
Iteration 3: |S| = 9 non-complete tables
============================================================

*** Sampled table #6 from S ***
  Length: 3 actions
  Score: 8.8000
  Probability: 0.4329
  Actions: ['v2. ricer', 'h4. sense', 'v5. treed']
Generated 22 candidate actions for next step
Processing top 3 candidates out of 22...
  [1/3] Added table from action: h1. print (confidence=16.8000, r_word=0.4000)
  [2/3] Added table from action: h5. tread (confidence=15.5000, r_word=0.4000)
  [3/3] Invalid table from h3. slice (steps=4, impossible=True)
Added 2 new tables to S (now |S|=11)
Best so far: r_word=0.4

============================================================
Iteration 4: |S| = 11 non-complete tables
============================================================

*** Sampled table #9 from S ***
  Length: 4 actions
  Score: 16.8000
  Probability: 0.7854
  Actions: ['v2. ricer', 'h4. sense', 'v5. treed', 'h1. print']
Generated 17 candidate actions for next step
Processing top 3 candidates out of 17...
  [1/3] Added table from action: h5. tread (confidence=21.7000, r_word=0.5000)
  [2/3] Invalid table from h2. tiara (steps=5, impossible=True)
  [3/3] Added table from action: v3. irons (confidence=19.4000, r_word=0.4000)
Added 2 new tables to S (now |S|=13)
Best so far: r_word=0.5

============================================================
Iteration 5: |S| = 13 non-complete tables
============================================================

*** Sampled table #11 from S ***
  Length: 5 actions
  Score: 21.7000
  Probability: 0.9011
  Actions: ['v2. ricer', 'h4. sense', 'v5. treed', 'h1. print', 'h5. tread']
Generated 14 candidate actions for next step
Processing top 3 candidates out of 14...
  [1/3] Invalid table from h2. tiara (steps=6, impossible=True)
  [2/3] Added table from action: v4. nassa (confidence=24.8000, r_word=0.6000)
  [3/3] Invalid table from v1. posts (steps=6, impossible=True)
Added 1 new tables to S (now |S|=14)
Best so far: r_word=0.6

============================================================
Iteration 6: |S| = 14 non-complete tables
============================================================

*** Sampled table #13 from S ***
  Length: 6 actions
  Score: 24.8000
  Probability: 0.9524
  Actions: ['v2. ricer', 'h4. sense', 'v5. treed', 'h1. print', 'h5. tread', 'v4. nassa']
Generated 14 candidate actions for next step
Processing top 3 candidates out of 14...
  [1/3] Invalid table from h2. tiara (steps=7, impossible=True)
  [2/3] Added table from action: v3. irone (confidence=26.0000, r_word=0.6000)
  [3/3] Invalid table from v1. posts (steps=7, impossible=True)
Added 1 new tables to S (now |S|=15)
Best so far: r_word=0.6

============================================================
Iteration 7: |S| = 15 non-complete tables
============================================================

*** Sampled table #14 from S ***
  Length: 7 actions
  Score: 26.0000
  Probability: 0.7597
  Actions: ['v2. ricer', 'h4. sense', 'v5. treed', 'h1. print', 'h5. tread', 'v4. nassa', 'v3. irone']
Generated 5 candidate actions for next step
Processing top 3 candidates out of 5...
  [1/3] Invalid table from h2. tiara (steps=8, impossible=True)
  [2/3] Invalid table from v1. posts (steps=8, impossible=True)
  [3/3] Added table from action: h3. scose (confidence=26.6000, r_word=0.6000)
Added 1 new tables to S (now |S|=16)
Best so far: r_word=0.6

============================================================
Iteration 8: |S| = 16 non-complete tables
============================================================

*** Sampled table #13 from S ***
  Length: 6 actions
  Score: 24.8000
  Probability: 0.0960
  Actions: ['v2. ricer', 'h4. sense', 'v5. treed', 'h1. print', 'h5. tread', 'v4. nassa']
Generated 14 candidate actions for next step
Processing top 3 candidates out of 14...
  [1/3] Invalid table from h2. tiara (steps=7, impossible=True)
  [2/3] Table from v3. irone already in S
  [3/3] Invalid table from v1. posts (steps=7, impossible=True)
Added 0 new tables to S (now |S|=16)
Best so far: r_word=0.6

============================================================
Iteration 9: |S| = 16 non-complete tables
============================================================

*** Sampled table #15 from S ***
  Length: 8 actions
  Score: 26.6000
  Probability: 0.5806
  Actions: ['v2. ricer', 'h4. sense', 'v5. treed', 'h1. print', 'h5. tread', 'v4. nassa', 'v3. irone', 'h3. scose']
Generated 3 candidate actions for next step
Processing top 3 candidates out of 3...
  [1/3] Invalid table from h2. tiara (steps=9, impossible=True)
  [2/3] Added table from action: v1. pisst (confidence=27.2000, r_word=0.6000)
  [3/3] Added table from action: v1. posst (confidence=26.7000, r_word=0.6000)
Added 2 new tables to S (now |S|=18)
Best so far: r_word=0.6

============================================================
Iteration 10: |S| = 18 non-complete tables
============================================================

*** Sampled table #16 from S ***
  Length: 9 actions
  Score: 27.2000
  Probability: 0.3919
  Actions: ['v2. ricer', 'h4. sense', 'v5. treed', 'h1. print', 'h5. tread', 'v4. nassa', 'v3. irone', 'h3. scose', 'v1. pisst']
Generated 1 candidate actions for next step
Processing top 1 candidates out of 1...
  [1/1] Invalid table from h2. tiara (steps=10, impossible=True)
Added 0 new tables to S (now |S|=18)
Best so far: r_word=0.6

============================================================
Iteration 11: |S| = 18 non-complete tables
============================================================

*** Sampled table #16 from S ***
  Length: 9 actions
  Score: 27.2000
  Probability: 0.3919
  Actions: ['v2. ricer', 'h4. sense', 'v5. treed', 'h1. print', 'h5. tread', 'v4. nassa', 'v3. irone', 'h3. scose', 'v1. pisst']
Generated 1 candidate actions for next step
Processing top 1 candidates out of 1...
  [1/1] Invalid table from h2. tiara (steps=10, impossible=True)
Added 0 new tables to S (now |S|=18)
Best so far: r_word=0.6

============================================================
Iteration 12: |S| = 18 non-complete tables
============================================================

*** Sampled table #16 from S ***
  Length: 9 actions
  Score: 27.2000
  Probability: 0.3919
  Actions: ['v2. ricer', 'h4. sense', 'v5. treed', 'h1. print', 'h5. tread', 'v4. nassa', 'v3. irone', 'h3. scose', 'v1. pisst']
Generated 1 candidate actions for next step
Processing top 1 candidates out of 1...
  [1/1] Invalid table from h2. tiara (steps=10, impossible=True)
Added 0 new tables to S (now |S|=18)
Best so far: r_word=0.6

============================================================
Iteration 13: |S| = 18 non-complete tables
============================================================

*** Sampled table #15 from S ***
  Length: 8 actions
  Score: 26.6000
  Probability: 0.2151
  Actions: ['v2. ricer', 'h4. sense', 'v5. treed', 'h1. print', 'h5. tread', 'v4. nassa', 'v3. irone', 'h3. scose']
Generated 3 candidate actions for next step
Processing top 3 candidates out of 3...
  [1/3] Invalid table from h2. tiara (steps=9, impossible=True)
  [2/3] Table from v1. pisst already in S
  [3/3] Table from v1. posst already in S
Added 0 new tables to S (now |S|=18)
Best so far: r_word=0.6

============================================================
Iteration 14: |S| = 18 non-complete tables
============================================================

*** Sampled table #17 from S ***
  Length: 9 actions
  Score: 26.7000
  Probability: 0.2377
  Actions: ['v2. ricer', 'h4. sense', 'v5. treed', 'h1. print', 'h5. tread', 'v4. nassa', 'v3. irone', 'h3. scose', 'v1. posst']
Generated 3 candidate actions for next step
Processing top 3 candidates out of 3...
  [1/3] Invalid table from h2. robes (steps=10, impossible=True)
  [2/3] Invalid table from h2. rober (steps=10, impossible=True)
  [3/3] Invalid table from h2. robea (steps=10, impossible=True)
Added 0 new tables to S (now |S|=18)
Best so far: r_word=0.6

============================================================
Iteration 15: |S| = 18 non-complete tables
============================================================

*** Sampled table #15 from S ***
  Length: 8 actions
  Score: 26.6000
  Probability: 0.2151
  Actions: ['v2. ricer', 'h4. sense', 'v5. treed', 'h1. print', 'h5. tread', 'v4. nassa', 'v3. irone', 'h3. scose']
Generated 3 candidate actions for next step
Processing top 3 candidates out of 3...
  [1/3] Invalid table from h2. tiara (steps=9, impossible=True)
  [2/3] Table from v1. pisst already in S
  [3/3] Table from v1. posst already in S
Added 0 new tables to S (now |S|=18)
Best so far: r_word=0.6

============================================================
Iteration 16: |S| = 18 non-complete tables
============================================================

*** Sampled table #14 from S ***
  Length: 7 actions
  Score: 26.0000
  Probability: 0.1180
  Actions: ['v2. ricer', 'h4. sense', 'v5. treed', 'h1. print', 'h5. tread', 'v4. nassa', 'v3. irone']
Generated 5 candidate actions for next step
Processing top 3 candidates out of 5...
  [1/3] Invalid table from h2. tiara (steps=8, impossible=True)
  [2/3] Invalid table from v1. posts (steps=8, impossible=True)
  [3/3] Table from h3. scose already in S
Added 0 new tables to S (now |S|=18)
Best so far: r_word=0.6

============================================================
Iteration 17: |S| = 18 non-complete tables
============================================================

*** Sampled table #14 from S ***
  Length: 7 actions
  Score: 26.0000
  Probability: 0.1180
  Actions: ['v2. ricer', 'h4. sense', 'v5. treed', 'h1. print', 'h5. tread', 'v4. nassa', 'v3. irone']
Generated 5 candidate actions for next step
Processing top 3 candidates out of 5...
  [1/3] Invalid table from h2. tiara (steps=8, impossible=True)
  [2/3] Invalid table from v1. posts (steps=8, impossible=True)
  [3/3] Table from h3. scose already in S
Added 0 new tables to S (now |S|=18)
Best so far: r_word=0.6

============================================================
Iteration 18: |S| = 18 non-complete tables
============================================================

*** Sampled table #16 from S ***
  Length: 9 actions
  Score: 27.2000
  Probability: 0.3919
  Actions: ['v2. ricer', 'h4. sense', 'v5. treed', 'h1. print', 'h5. tread', 'v4. nassa', 'v3. irone', 'h3. scose', 'v1. pisst']
Generated 1 candidate actions for next step
Processing top 1 candidates out of 1...
  [1/1] Invalid table from h2. tiara (steps=10, impossible=True)
Added 0 new tables to S (now |S|=18)
Best so far: r_word=0.6

============================================================
Iteration 19: |S| = 18 non-complete tables
============================================================

*** Sampled table #14 from S ***
  Length: 7 actions
  Score: 26.0000
  Probability: 0.1180
  Actions: ['v2. ricer', 'h4. sense', 'v5. treed', 'h1. print', 'h5. tread', 'v4. nassa', 'v3. irone']
Generated 5 candidate actions for next step
Processing top 3 candidates out of 5...
  [1/3] Invalid table from h2. tiara (steps=8, impossible=True)
  [2/3] Invalid table from v1. posts (steps=8, impossible=True)
  [3/3] Table from h3. scose already in S
Added 0 new tables to S (now |S|=18)
Best so far: r_word=0.6

Finished after 20 iterations with 17 steps logged
Final |S| = 18 tables
Total unique tables explored: 18
