
============================================================
Iteration 0: |S| = 1 non-complete tables
============================================================

*** Sampled table #0 from S ***
  Length: 0 actions
  Score: 1.0000
  Probability: 1.0000
  (Empty table)
Generated 12 candidate actions for next step
Processing top 3 candidates out of 12...
  [1/3] Added table from action: h3. uvula (confidence=1.5000, r_word=0.1000)
  [2/3] Added table from action: h2. quill (confidence=1.5000, r_word=0.0000)
  [3/3] Added table from action: v3. amuse (confidence=1.5000, r_word=0.1000)
Added 3 new tables to S (now |S|=4)
Best so far: r_word=0.1

============================================================
Iteration 1: |S| = 4 non-complete tables
============================================================

*** Sampled table #0 from S ***
  Length: 0 actions
  Score: 1.0000
  Probability: 0.1682
  (Empty table)
Generated 12 candidate actions for next step
Processing top 3 candidates out of 12...
  [1/3] Table from h3. uvula already in S
  [2/3] Table from h2. quill already in S
  [3/3] Table from v3. amuse already in S
Added 0 new tables to S (now |S|=4)
Best so far: r_word=0.1

============================================================
Iteration 2: |S| = 4 non-complete tables
============================================================

*** Sampled table #3 from S ***
  Length: 1 actions
  Score: 1.5000
  Probability: 0.2773
  Actions: ['v3. amuse']
Generated 29 candidate actions for next step
Processing top 3 candidates out of 29...
  [1/3] Added table from action: h3. uvula (confidence=5.0000, r_word=0.2000)
  [2/3] Added table from action: v5. exalt (confidence=3.3000, r_word=0.2000)
  [3/3] Added table from action: v2. level (confidence=3.2000, r_word=0.2000)
Added 3 new tables to S (now |S|=7)
Best so far: r_word=0.2

============================================================
Iteration 3: |S| = 7 non-complete tables
============================================================

*** Sampled table #4 from S ***
  Length: 2 actions
  Score: 5.0000
  Probability: 0.6864
  Actions: ['v3. amuse', 'h3. uvula']
Generated 18 candidate actions for next step
Processing top 3 candidates out of 18...
  [1/3] Added table from action: v2. level (confidence=7.6000, r_word=0.3000)
  [2/3] Added table from action: v5. exalt (confidence=7.4000, r_word=0.3000)
  [3/3] Invalid table from h4. midst (steps=3, impossible=True)
Added 2 new tables to S (now |S|=9)
Best so far: r_word=0.3

============================================================
Iteration 4: |S| = 9 non-complete tables
============================================================

*** Sampled table #8 from S ***
  Length: 3 actions
  Score: 7.4000
  Probability: 0.4249
  Actions: ['v3. amuse', 'h3. uvula', 'v5. exalt']
Generated 11 candidate actions for next step
Processing top 3 candidates out of 11...
  [1/3] Added table from action: h2. remex (confidence=11.4000, r_word=0.4000)
  [2/3] Added table from action: h1. glade (confidence=11.4000, r_word=0.4000)
  [3/3] Added table from action: v2. level (confidence=11.4000, r_word=0.4000)
Added 3 new tables to S (now |S|=12)
Best so far: r_word=0.4

============================================================
Iteration 5: |S| = 12 non-complete tables
============================================================

*** Sampled table #11 from S ***
  Length: 4 actions
  Score: 11.4000
  Probability: 0.3286
  Actions: ['v3. amuse', 'h3. uvula', 'v5. exalt', 'v2. level']
Generated 11 candidate actions for next step
Processing top 3 candidates out of 11...
  [1/3] Added table from action: h4. mesal (confidence=16.4000, r_word=0.5000)
  [2/3] Added table from action: h1. glade (confidence=16.4000, r_word=0.5000)
  [3/3] Added table from action: h2. remex (confidence=16.4000, r_word=0.5000)
Added 3 new tables to S (now |S|=15)
Best so far: r_word=0.5

============================================================
Iteration 6: |S| = 15 non-complete tables
============================================================

*** Sampled table #14 from S ***
  Length: 5 actions
  Score: 16.4000
  Probability: 0.3311
  Actions: ['v3. amuse', 'h3. uvula', 'v5. exalt', 'v2. level', 'h2. remex']
Generated 6 candidate actions for next step
Processing top 3 candidates out of 6...
  [1/3] Added table from action: h4. mesal (confidence=23.4000, r_word=0.6000)
  [2/3] Added table from action: h1. glade (confidence=23.4000, r_word=0.6000)
  [3/3] Added table from action: v4. delay (confidence=22.6000, r_word=0.6000)
Added 3 new tables to S (now |S|=18)
Best so far: r_word=0.6

============================================================
Iteration 7: |S| = 18 non-complete tables
============================================================

*** Sampled table #15 from S ***
  Length: 6 actions
  Score: 23.4000
  Probability: 0.4078
  Actions: ['v3. amuse', 'h3. uvula', 'v5. exalt', 'v2. level', 'h2. remex', 'h4. mesal']
Generated 5 candidate actions for next step
Processing top 3 candidates out of 5...
  [1/3] Added table from action: v4. delay (confidence=30.4000, r_word=0.7000)
  [2/3] Added table from action: h1. glade (confidence=30.4000, r_word=0.7000)
  [3/3] Added table from action: v1. grump (confidence=28.6000, r_word=0.7000)
Added 3 new tables to S (now |S|=21)
Best so far: r_word=0.7

============================================================
Iteration 8: |S| = 21 non-complete tables
============================================================

*** Sampled table #18 from S ***
  Length: 7 actions
  Score: 30.4000
  Probability: 0.4614
  Actions: ['v3. amuse', 'h3. uvula', 'v5. exalt', 'v2. level', 'h2. remex', 'h4. mesal', 'v4. delay']
Generated 3 candidate actions for next step
Processing top 3 candidates out of 3...
  [1/3] Added table from action: h1. glade (confidence=31.4000, r_word=0.8000)
  [2/3] Added table from action: v1. grump (confidence=30.9000, r_word=1.0000)
  [3/3] Invalid table from h5. billy (steps=8, impossible=True)
Added 2 new tables to S (now |S|=23)
Best so far: r_word=1.0

============================================================
Iteration 9: |S| = 23 non-complete tables
============================================================

*** Sampled table #22 from S ***
  Length: 8 actions
  Score: 30.9000
  Probability: 0.2523
  Actions: ['v3. amuse', 'h3. uvula', 'v5. exalt', 'v2. level', 'h2. remex', 'h4. mesal', 'v4. delay', 'v1. grump']
Generated 5 candidate actions for next step
Processing top 3 candidates out of 5...
  [1/3] Added table from action: h1. glade (confidence=38.9000, r_word=1.0000)
  [2/3] Invalid table from h5. plent (steps=9, impossible=True)
  [3/3] Invalid table from h5. barge (steps=9, impossible=True)
Added 1 new tables to S (now |S|=24)
Best so far: r_word=1.0

============================================================
Iteration 10: |S| = 24 non-complete tables
============================================================

*** Sampled table #23 from S ***
  Length: 9 actions
  Score: 38.9000
  Probability: 0.9987
  Actions: ['v3. amuse', 'h3. uvula', 'v5. exalt', 'v2. level', 'h2. remex', 'h4. mesal', 'v4. delay', 'v1. grump', 'h1. glade']
No candidates available, removing table from S

============================================================
Iteration 10: |S| = 23 non-complete tables
============================================================

*** Sampled table #19 from S ***
  Length: 7 actions
  Score: 30.4000
  Probability: 0.1530
  Actions: ['v3. amuse', 'h3. uvula', 'v5. exalt', 'v2. level', 'h2. remex', 'h4. mesal', 'h1. glade']
Generated 4 candidate actions for next step
Processing top 3 candidates out of 4...
  [1/3] Added table from action: v4. delay (confidence=38.4000, r_word=0.8000)
  [2/3] Added table from action: v1. grump (confidence=38.4000, r_word=0.8000)
  [3/3] Added table from action: h5. fleet (confidence=37.4000, r_word=0.7000)
Added 3 new tables to S (now |S|=26)
Best so far: r_word=1.0

============================================================
Iteration 11: |S| = 26 non-complete tables
============================================================

*** Sampled table #23 from S ***
  Length: 8 actions
  Score: 38.4000
  Probability: 0.4219
  Actions: ['v3. amuse', 'h3. uvula', 'v5. exalt', 'v2. level', 'h2. remex', 'h4. mesal', 'h1. glade', 'v4. delay']
Generated 4 candidate actions for next step
Processing top 3 candidates out of 4...
  [1/3] Added table from action: v1. grump (confidence=42.1000, r_word=1.0000)
  [2/3] Invalid table from h5. blety (steps=9, impossible=True)
  [3/3] Invalid table from h5. fleet (steps=9, impossible=True)
Added 1 new tables to S (now |S|=27)
Best so far: r_word=1.0

============================================================
Iteration 12: |S| = 27 non-complete tables
============================================================

*** Sampled table #26 from S ***
  Length: 9 actions
  Score: 42.1000
  Probability: 0.9446
  Actions: ['v3. amuse', 'h3. uvula', 'v5. exalt', 'v2. level', 'h2. remex', 'h4. mesal', 'h1. glade', 'v4. delay', 'v1. grump']
No candidates available, removing table from S

============================================================
Iteration 12: |S| = 26 non-complete tables
============================================================

*** Sampled table #24 from S ***
  Length: 8 actions
  Score: 38.4000
  Probability: 0.4219
  Actions: ['v3. amuse', 'h3. uvula', 'v5. exalt', 'v2. level', 'h2. remex', 'h4. mesal', 'h1. glade', 'v1. grump']
Generated 2 candidate actions for next step
Processing top 2 candidates out of 2...
  [1/2] Added table from action: v4. delay (confidence=45.4000, r_word=1.0000)
  [2/2] Added table from action: h5. pleat (confidence=39.2000, r_word=0.8000)
Added 2 new tables to S (now |S|=28)
Best so far: r_word=1.0

============================================================
Iteration 13: |S| = 28 non-complete tables
============================================================

*** Sampled table #26 from S ***
  Length: 9 actions
  Score: 45.4000
  Probability: 0.9958
  Actions: ['v3. amuse', 'h3. uvula', 'v5. exalt', 'v2. level', 'h2. remex', 'h4. mesal', 'h1. glade', 'v1. grump', 'v4. delay']
No candidates available, removing table from S

============================================================
Iteration 13: |S| = 27 non-complete tables
============================================================

*** Sampled table #24 from S ***
  Length: 8 actions
  Score: 38.4000
  Probability: 0.2176
  Actions: ['v3. amuse', 'h3. uvula', 'v5. exalt', 'v2. level', 'h2. remex', 'h4. mesal', 'h1. glade', 'v1. grump']
Generated 2 candidate actions for next step
Processing top 2 candidates out of 2...
  [1/2] Added table from action: v4. delay (confidence=45.4000, r_word=1.0000)
  [2/2] Table from h5. pleat already in S
Added 1 new tables to S (now |S|=28)
Best so far: r_word=1.0

============================================================
Iteration 14: |S| = 28 non-complete tables
============================================================

*** Sampled table #27 from S ***
  Length: 9 actions
  Score: 45.4000
  Probability: 0.9958
  Actions: ['v3. amuse', 'h3. uvula', 'v5. exalt', 'v2. level', 'h2. remex', 'h4. mesal', 'h1. glade', 'v1. grump', 'v4. delay']
No candidates available, removing table from S

============================================================
Iteration 14: |S| = 27 non-complete tables
============================================================

*** Sampled table #26 from S ***
  Length: 9 actions
  Score: 39.2000
  Probability: 0.4843
  Actions: ['v3. amuse', 'h3. uvula', 'v5. exalt', 'v2. level', 'h2. remex', 'h4. mesal', 'h1. glade', 'v1. grump', 'h5. pleat']
Generated 1 candidate actions for next step
Processing top 1 candidates out of 1...
  [1/1] Invalid table from v4. delay (steps=10, impossible=True)
Added 0 new tables to S (now |S|=27)
Best so far: r_word=1.0

============================================================
Iteration 15: |S| = 27 non-complete tables
============================================================

*** Sampled table #26 from S ***
  Length: 9 actions
  Score: 39.2000
  Probability: 0.4843
  Actions: ['v3. amuse', 'h3. uvula', 'v5. exalt', 'v2. level', 'h2. remex', 'h4. mesal', 'h1. glade', 'v1. grump', 'h5. pleat']
Generated 1 candidate actions for next step
Processing top 1 candidates out of 1...
  [1/1] Invalid table from v4. delay (steps=10, impossible=True)
Added 0 new tables to S (now |S|=27)
Best so far: r_word=1.0

============================================================
Iteration 16: |S| = 27 non-complete tables
============================================================

*** Sampled table #26 from S ***
  Length: 9 actions
  Score: 39.2000
  Probability: 0.4843
  Actions: ['v3. amuse', 'h3. uvula', 'v5. exalt', 'v2. level', 'h2. remex', 'h4. mesal', 'h1. glade', 'v1. grump', 'h5. pleat']
Generated 1 candidate actions for next step
Processing top 1 candidates out of 1...
  [1/1] Invalid table from v4. delay (steps=10, impossible=True)
Added 0 new tables to S (now |S|=27)
Best so far: r_word=1.0

============================================================
Iteration 17: |S| = 27 non-complete tables
============================================================

*** Sampled table #26 from S ***
  Length: 9 actions
  Score: 39.2000
  Probability: 0.4843
  Actions: ['v3. amuse', 'h3. uvula', 'v5. exalt', 'v2. level', 'h2. remex', 'h4. mesal', 'h1. glade', 'v1. grump', 'h5. pleat']
Generated 1 candidate actions for next step
Processing top 1 candidates out of 1...
  [1/1] Invalid table from v4. delay (steps=10, impossible=True)
Added 0 new tables to S (now |S|=27)
Best so far: r_word=1.0

============================================================
Iteration 18: |S| = 27 non-complete tables
============================================================

*** Sampled table #24 from S ***
  Length: 8 actions
  Score: 38.4000
  Probability: 0.2176
  Actions: ['v3. amuse', 'h3. uvula', 'v5. exalt', 'v2. level', 'h2. remex', 'h4. mesal', 'h1. glade', 'v1. grump']
Generated 2 candidate actions for next step
Processing top 2 candidates out of 2...
  [1/2] Added table from action: v4. delay (confidence=45.4000, r_word=1.0000)
  [2/2] Table from h5. pleat already in S
Added 1 new tables to S (now |S|=28)
Best so far: r_word=1.0

============================================================
Iteration 19: |S| = 28 non-complete tables
============================================================

*** Sampled table #27 from S ***
  Length: 9 actions
  Score: 45.4000
  Probability: 0.9958
  Actions: ['v3. amuse', 'h3. uvula', 'v5. exalt', 'v2. level', 'h2. remex', 'h4. mesal', 'h1. glade', 'v1. grump', 'v4. delay']
No candidates available, removing table from S

============================================================
Iteration 19: |S| = 27 non-complete tables
============================================================

*** Sampled table #23 from S ***
  Length: 8 actions
  Score: 38.4000
  Probability: 0.2176
  Actions: ['v3. amuse', 'h3. uvula', 'v5. exalt', 'v2. level', 'h2. remex', 'h4. mesal', 'h1. glade', 'v4. delay']
Generated 4 candidate actions for next step
Processing top 3 candidates out of 4...
  [1/3] Added table from action: v1. grump (confidence=42.1000, r_word=1.0000)
  [2/3] Invalid table from h5. blety (steps=9, impossible=True)
  [3/3] Invalid table from h5. fleet (steps=9, impossible=True)
Added 1 new tables to S (now |S|=28)
Best so far: r_word=1.0

Finished after 20 iterations with 32 steps logged
Final |S| = 28 tables
Total unique tables explored: 28
