
============================================================
Iteration 0: |S| = 1 non-complete tables
============================================================

*** Sampled table #0 from S ***
  Length: 0 actions
  Score: 1.0000
  Probability: 1.0000
  (Empty table)
Generated 11 candidate actions for next step
Processing top 3 candidates out of 11...
  [1/3] Added table from action: h2. ovine (confidence=6.0000, r_word=0.0000)
  [2/3] Added table from action: h4. inner (confidence=6.0000, r_word=0.0000)
  [3/3] Added table from action: v2. occur (confidence=6.0000, r_word=0.0000)
Added 3 new tables to S (now |S|=4)
Best so far: r_word=0.0

============================================================
Iteration 1: |S| = 4 non-complete tables
============================================================

*** Sampled table #2 from S ***
  Length: 1 actions
  Score: 6.0000
  Probability: 0.3326
  Actions: ['h4. inner']
Generated 17 candidate actions for next step
Processing top 3 candidates out of 17...
  [1/3] Added table from action: h2. ovine (confidence=12.0000, r_word=0.0000)
  [2/3] Invalid table from v2. occur (steps=2, impossible=True)
  [3/3] Added table from action: h5. world (confidence=8.4000, r_word=0.0000)
Added 2 new tables to S (now |S|=6)
Best so far: r_word=0.0

============================================================
Iteration 2: |S| = 6 non-complete tables
============================================================

*** Sampled table #4 from S ***
  Length: 2 actions
  Score: 12.0000
  Probability: 0.9664
  Actions: ['h4. inner', 'h2. ovine']
Generated 15 candidate actions for next step
Processing top 3 candidates out of 15...
  [1/3] Invalid table from v5. enter (steps=3, impossible=True)
  [2/3] Added table from action: h5. world (confidence=19.0000, r_word=0.0000)
  [3/3] Invalid table from v3. riata (steps=3, impossible=True)
Added 1 new tables to S (now |S|=7)
Best so far: r_word=0.0

============================================================
Iteration 3: |S| = 7 non-complete tables
============================================================

*** Sampled table #6 from S ***
  Length: 3 actions
  Score: 19.0000
  Probability: 0.9991
  Actions: ['h4. inner', 'h2. ovine', 'h5. world']
Generated 18 candidate actions for next step
Processing top 3 candidates out of 18...
  [1/3] Invalid table from v1. mower (steps=4, impossible=True)
  [2/3] Invalid table from v2. event (steps=4, impossible=True)
  [3/3] Added table from action: h3. grove (confidence=22.0000, r_word=0.0000)
Added 1 new tables to S (now |S|=8)
Best so far: r_word=0.0

============================================================
Iteration 4: |S| = 8 non-complete tables
============================================================

*** Sampled table #7 from S ***
  Length: 4 actions
  Score: 22.0000
  Probability: 0.9525
  Actions: ['h4. inner', 'h2. ovine', 'h5. world', 'h3. grove']
Generated 17 candidate actions for next step
Processing top 3 candidates out of 17...
  [1/3] Invalid table from v1. logic (steps=5, impossible=True)
  [2/3] Invalid table from v2. occur (steps=5, impossible=True)
  [3/3] Invalid table from v3. union (steps=5, impossible=True)
Added 0 new tables to S (now |S|=8)
Best so far: r_word=0.0

============================================================
Iteration 5: |S| = 8 non-complete tables
============================================================

*** Sampled table #7 from S ***
  Length: 4 actions
  Score: 22.0000
  Probability: 0.9525
  Actions: ['h4. inner', 'h2. ovine', 'h5. world', 'h3. grove']
Generated 17 candidate actions for next step
Processing top 3 candidates out of 17...
  [1/3] Invalid table from v1. logic (steps=5, impossible=True)
  [2/3] Invalid table from v2. occur (steps=5, impossible=True)
  [3/3] Invalid table from v3. union (steps=5, impossible=True)
Added 0 new tables to S (now |S|=8)
Best so far: r_word=0.0

============================================================
Iteration 6: |S| = 8 non-complete tables
============================================================

*** Sampled table #7 from S ***
  Length: 4 actions
  Score: 22.0000
  Probability: 0.9525
  Actions: ['h4. inner', 'h2. ovine', 'h5. world', 'h3. grove']
Generated 17 candidate actions for next step
Processing top 3 candidates out of 17...
  [1/3] Invalid table from v1. logic (steps=5, impossible=True)
  [2/3] Invalid table from v2. occur (steps=5, impossible=True)
  [3/3] Invalid table from v3. union (steps=5, impossible=True)
Added 0 new tables to S (now |S|=8)
Best so far: r_word=0.0

============================================================
Iteration 7: |S| = 8 non-complete tables
============================================================

*** Sampled table #7 from S ***
  Length: 4 actions
  Score: 22.0000
  Probability: 0.9525
  Actions: ['h4. inner', 'h2. ovine', 'h5. world', 'h3. grove']
Generated 17 candidate actions for next step
Processing top 3 candidates out of 17...
  [1/3] Invalid table from v1. logic (steps=5, impossible=True)
  [2/3] Invalid table from v2. occur (steps=5, impossible=True)
  [3/3] Invalid table from v3. union (steps=5, impossible=True)
Added 0 new tables to S (now |S|=8)
Best so far: r_word=0.0

============================================================
Iteration 8: |S| = 8 non-complete tables
============================================================

*** Sampled table #7 from S ***
  Length: 4 actions
  Score: 22.0000
  Probability: 0.9525
  Actions: ['h4. inner', 'h2. ovine', 'h5. world', 'h3. grove']
Generated 17 candidate actions for next step
Processing top 3 candidates out of 17...
  [1/3] Invalid table from v1. logic (steps=5, impossible=True)
  [2/3] Invalid table from v2. occur (steps=5, impossible=True)
  [3/3] Invalid table from v3. union (steps=5, impossible=True)
Added 0 new tables to S (now |S|=8)
Best so far: r_word=0.0

============================================================
Iteration 9: |S| = 8 non-complete tables
============================================================

*** Sampled table #7 from S ***
  Length: 4 actions
  Score: 22.0000
  Probability: 0.9525
  Actions: ['h4. inner', 'h2. ovine', 'h5. world', 'h3. grove']
Generated 17 candidate actions for next step
Processing top 3 candidates out of 17...
  [1/3] Invalid table from v1. logic (steps=5, impossible=True)
  [2/3] Invalid table from v2. occur (steps=5, impossible=True)
  [3/3] Invalid table from v3. union (steps=5, impossible=True)
Added 0 new tables to S (now |S|=8)
Best so far: r_word=0.0

============================================================
Iteration 10: |S| = 8 non-complete tables
============================================================

*** Sampled table #7 from S ***
  Length: 4 actions
  Score: 22.0000
  Probability: 0.9525
  Actions: ['h4. inner', 'h2. ovine', 'h5. world', 'h3. grove']
Generated 17 candidate actions for next step
Processing top 3 candidates out of 17...
  [1/3] Invalid table from v1. logic (steps=5, impossible=True)
  [2/3] Invalid table from v2. occur (steps=5, impossible=True)
  [3/3] Invalid table from v3. union (steps=5, impossible=True)
Added 0 new tables to S (now |S|=8)
Best so far: r_word=0.0

============================================================
Iteration 11: |S| = 8 non-complete tables
============================================================

*** Sampled table #7 from S ***
  Length: 4 actions
  Score: 22.0000
  Probability: 0.9525
  Actions: ['h4. inner', 'h2. ovine', 'h5. world', 'h3. grove']
Generated 17 candidate actions for next step
Processing top 3 candidates out of 17...
  [1/3] Invalid table from v1. logic (steps=5, impossible=True)
  [2/3] Invalid table from v2. occur (steps=5, impossible=True)
  [3/3] Invalid table from v3. union (steps=5, impossible=True)
Added 0 new tables to S (now |S|=8)
Best so far: r_word=0.0

============================================================
Iteration 12: |S| = 8 non-complete tables
============================================================

*** Sampled table #7 from S ***
  Length: 4 actions
  Score: 22.0000
  Probability: 0.9525
  Actions: ['h4. inner', 'h2. ovine', 'h5. world', 'h3. grove']
Generated 17 candidate actions for next step
Processing top 3 candidates out of 17...
  [1/3] Invalid table from v1. logic (steps=5, impossible=True)
  [2/3] Invalid table from v2. occur (steps=5, impossible=True)
  [3/3] Invalid table from v3. union (steps=5, impossible=True)
Added 0 new tables to S (now |S|=8)
Best so far: r_word=0.0

============================================================
Iteration 13: |S| = 8 non-complete tables
============================================================

*** Sampled table #7 from S ***
  Length: 4 actions
  Score: 22.0000
  Probability: 0.9525
  Actions: ['h4. inner', 'h2. ovine', 'h5. world', 'h3. grove']
Generated 17 candidate actions for next step
Processing top 3 candidates out of 17...
  [1/3] Invalid table from v1. logic (steps=5, impossible=True)
  [2/3] Invalid table from v2. occur (steps=5, impossible=True)
  [3/3] Invalid table from v3. union (steps=5, impossible=True)
Added 0 new tables to S (now |S|=8)
Best so far: r_word=0.0

============================================================
Iteration 14: |S| = 8 non-complete tables
============================================================

*** Sampled table #7 from S ***
  Length: 4 actions
  Score: 22.0000
  Probability: 0.9525
  Actions: ['h4. inner', 'h2. ovine', 'h5. world', 'h3. grove']
Generated 17 candidate actions for next step
Processing top 3 candidates out of 17...
  [1/3] Invalid table from v1. logic (steps=5, impossible=True)
  [2/3] Invalid table from v2. occur (steps=5, impossible=True)
  [3/3] Invalid table from v3. union (steps=5, impossible=True)
Added 0 new tables to S (now |S|=8)
Best so far: r_word=0.0

============================================================
Iteration 15: |S| = 8 non-complete tables
============================================================

*** Sampled table #7 from S ***
  Length: 4 actions
  Score: 22.0000
  Probability: 0.9525
  Actions: ['h4. inner', 'h2. ovine', 'h5. world', 'h3. grove']
Generated 17 candidate actions for next step
Processing top 3 candidates out of 17...
  [1/3] Invalid table from v1. logic (steps=5, impossible=True)
  [2/3] Invalid table from v2. occur (steps=5, impossible=True)
  [3/3] Invalid table from v3. union (steps=5, impossible=True)
Added 0 new tables to S (now |S|=8)
Best so far: r_word=0.0

============================================================
Iteration 16: |S| = 8 non-complete tables
============================================================

*** Sampled table #7 from S ***
  Length: 4 actions
  Score: 22.0000
  Probability: 0.9525
  Actions: ['h4. inner', 'h2. ovine', 'h5. world', 'h3. grove']
Generated 17 candidate actions for next step
Processing top 3 candidates out of 17...
  [1/3] Invalid table from v1. logic (steps=5, impossible=True)
  [2/3] Invalid table from v2. occur (steps=5, impossible=True)
  [3/3] Invalid table from v3. union (steps=5, impossible=True)
Added 0 new tables to S (now |S|=8)
Best so far: r_word=0.0

============================================================
Iteration 17: |S| = 8 non-complete tables
============================================================

*** Sampled table #7 from S ***
  Length: 4 actions
  Score: 22.0000
  Probability: 0.9525
  Actions: ['h4. inner', 'h2. ovine', 'h5. world', 'h3. grove']
Generated 17 candidate actions for next step
Processing top 3 candidates out of 17...
  [1/3] Invalid table from v1. logic (steps=5, impossible=True)
  [2/3] Invalid table from v2. occur (steps=5, impossible=True)
  [3/3] Invalid table from v3. union (steps=5, impossible=True)
Added 0 new tables to S (now |S|=8)
Best so far: r_word=0.0

============================================================
Iteration 18: |S| = 8 non-complete tables
============================================================

*** Sampled table #7 from S ***
  Length: 4 actions
  Score: 22.0000
  Probability: 0.9525
  Actions: ['h4. inner', 'h2. ovine', 'h5. world', 'h3. grove']
Generated 17 candidate actions for next step
Processing top 3 candidates out of 17...
  [1/3] Invalid table from v1. logic (steps=5, impossible=True)
  [2/3] Invalid table from v2. occur (steps=5, impossible=True)
  [3/3] Invalid table from v3. union (steps=5, impossible=True)
Added 0 new tables to S (now |S|=8)
Best so far: r_word=0.0

============================================================
Iteration 19: |S| = 8 non-complete tables
============================================================

*** Sampled table #7 from S ***
  Length: 4 actions
  Score: 22.0000
  Probability: 0.9525
  Actions: ['h4. inner', 'h2. ovine', 'h5. world', 'h3. grove']
Generated 17 candidate actions for next step
Processing top 3 candidates out of 17...
  [1/3] Invalid table from v1. logic (steps=5, impossible=True)
  [2/3] Invalid table from v2. occur (steps=5, impossible=True)
  [3/3] Invalid table from v3. union (steps=5, impossible=True)
Added 0 new tables to S (now |S|=8)
Best so far: r_word=0.0

Finished after 20 iterations with 7 steps logged
Final |S| = 8 tables
Total unique tables explored: 8
