
============================================================
Iteration 0: |S| = 1 non-complete tables
============================================================

*** Sampled table #0 from S ***
  Length: 0 actions
  Score: 1.0000
  Probability: 1.0000
  (Empty table)
Generated 26 candidate actions for next step
Processing top 3 candidates out of 26...
  [1/3] Added table from action: h4. rinse (confidence=5.0000, r_word=0.1000)
  [2/3] Added table from action: h3. lower (confidence=3.6000, r_word=0.0000)
  [3/3] Added table from action: h1. latin (confidence=3.5000, r_word=0.0000)
Added 3 new tables to S (now |S|=4)
Best so far: r_word=0.1

============================================================
Iteration 1: |S| = 4 non-complete tables
============================================================

*** Sampled table #1 from S ***
  Length: 1 actions
  Score: 5.0000
  Probability: 0.6720
  Actions: ['h4. rinse']
Generated 20 candidate actions for next step
Processing top 3 candidates out of 20...
  [1/3] Added table from action: h1. latin (confidence=11.5000, r_word=0.1000)
  [2/3] Invalid table from v1. cedar (steps=2, impossible=True)
  [3/3] Added table from action: h3. lower (confidence=10.4000, r_word=0.1000)
Added 2 new tables to S (now |S|=6)
Best so far: r_word=0.1

============================================================
Iteration 2: |S| = 6 non-complete tables
============================================================

*** Sampled table #4 from S ***
  Length: 2 actions
  Score: 11.5000
  Probability: 0.7490
  Actions: ['h4. rinse', 'h1. latin']
No candidates available, removing table from S

============================================================
Iteration 2: |S| = 5 non-complete tables
============================================================

*** Sampled table #4 from S ***
  Length: 2 actions
  Score: 10.4000
  Probability: 0.9933
  Actions: ['h4. rinse', 'h3. lower']
Generated 20 candidate actions for next step
Processing top 3 candidates out of 20...
  [1/3] Added table from action: h1. latin (confidence=13.9000, r_word=0.1000)
  [2/3] Added table from action: h5. nipas (confidence=13.4000, r_word=0.1000)
  [3/3] Invalid table from v1. royal (steps=3, impossible=True)
Added 2 new tables to S (now |S|=7)
Best so far: r_word=0.1

============================================================
Iteration 3: |S| = 7 non-complete tables
============================================================

*** Sampled table #5 from S ***
  Length: 3 actions
  Score: 13.9000
  Probability: 0.6109
  Actions: ['h4. rinse', 'h3. lower', 'h1. latin']
Generated 14 candidate actions for next step
Processing top 3 candidates out of 14...
  [1/3] Added table from action: v2. avoid (confidence=20.9000, r_word=0.1000)
  [2/3] Added table from action: h5. nipas (confidence=16.4000, r_word=0.1000)
  [3/3] Invalid table from v5. nerds (steps=4, impossible=True)
Added 2 new tables to S (now |S|=9)
Best so far: r_word=0.1

============================================================
Iteration 4: |S| = 9 non-complete tables
============================================================

*** Sampled table #7 from S ***
  Length: 4 actions
  Score: 20.9000
  Probability: 0.9876
  Actions: ['h4. rinse', 'h3. lower', 'h1. latin', 'v2. avoid']
Generated 9 candidate actions for next step
Processing top 3 candidates out of 9...
  [1/3] Invalid table from h5. nipas (steps=5, impossible=True)
  [2/3] Invalid table from h5. nipad (steps=5, impossible=True)
  [3/3] Invalid table from v3. talon (steps=5, impossible=True)
Added 0 new tables to S (now |S|=9)
Best so far: r_word=0.1

============================================================
Iteration 5: |S| = 9 non-complete tables
============================================================

*** Sampled table #7 from S ***
  Length: 4 actions
  Score: 20.9000
  Probability: 0.9876
  Actions: ['h4. rinse', 'h3. lower', 'h1. latin', 'v2. avoid']
Generated 9 candidate actions for next step
Processing top 3 candidates out of 9...
  [1/3] Invalid table from h5. nipas (steps=5, impossible=True)
  [2/3] Invalid table from h5. nipad (steps=5, impossible=True)
  [3/3] Invalid table from v3. talon (steps=5, impossible=True)
Added 0 new tables to S (now |S|=9)
Best so far: r_word=0.1

============================================================
Iteration 6: |S| = 9 non-complete tables
============================================================

*** Sampled table #7 from S ***
  Length: 4 actions
  Score: 20.9000
  Probability: 0.9876
  Actions: ['h4. rinse', 'h3. lower', 'h1. latin', 'v2. avoid']
Generated 9 candidate actions for next step
Processing top 3 candidates out of 9...
  [1/3] Invalid table from h5. nipas (steps=5, impossible=True)
  [2/3] Invalid table from h5. nipad (steps=5, impossible=True)
  [3/3] Invalid table from v3. talon (steps=5, impossible=True)
Added 0 new tables to S (now |S|=9)
Best so far: r_word=0.1

============================================================
Iteration 7: |S| = 9 non-complete tables
============================================================

*** Sampled table #7 from S ***
  Length: 4 actions
  Score: 20.9000
  Probability: 0.9876
  Actions: ['h4. rinse', 'h3. lower', 'h1. latin', 'v2. avoid']
Generated 9 candidate actions for next step
Processing top 3 candidates out of 9...
  [1/3] Invalid table from h5. nipas (steps=5, impossible=True)
  [2/3] Invalid table from h5. nipad (steps=5, impossible=True)
  [3/3] Invalid table from v3. talon (steps=5, impossible=True)
Added 0 new tables to S (now |S|=9)
Best so far: r_word=0.1

============================================================
Iteration 8: |S| = 9 non-complete tables
============================================================

*** Sampled table #7 from S ***
  Length: 4 actions
  Score: 20.9000
  Probability: 0.9876
  Actions: ['h4. rinse', 'h3. lower', 'h1. latin', 'v2. avoid']
Generated 9 candidate actions for next step
Processing top 3 candidates out of 9...
  [1/3] Invalid table from h5. nipas (steps=5, impossible=True)
  [2/3] Invalid table from h5. nipad (steps=5, impossible=True)
  [3/3] Invalid table from v3. talon (steps=5, impossible=True)
Added 0 new tables to S (now |S|=9)
Best so far: r_word=0.1

============================================================
Iteration 9: |S| = 9 non-complete tables
============================================================

*** Sampled table #7 from S ***
  Length: 4 actions
  Score: 20.9000
  Probability: 0.9876
  Actions: ['h4. rinse', 'h3. lower', 'h1. latin', 'v2. avoid']
Generated 9 candidate actions for next step
Processing top 3 candidates out of 9...
  [1/3] Invalid table from h5. nipas (steps=5, impossible=True)
  [2/3] Invalid table from h5. nipad (steps=5, impossible=True)
  [3/3] Invalid table from v3. talon (steps=5, impossible=True)
Added 0 new tables to S (now |S|=9)
Best so far: r_word=0.1

============================================================
Iteration 10: |S| = 9 non-complete tables
============================================================

*** Sampled table #7 from S ***
  Length: 4 actions
  Score: 20.9000
  Probability: 0.9876
  Actions: ['h4. rinse', 'h3. lower', 'h1. latin', 'v2. avoid']
Generated 9 candidate actions for next step
Processing top 3 candidates out of 9...
  [1/3] Invalid table from h5. nipas (steps=5, impossible=True)
  [2/3] Invalid table from h5. nipad (steps=5, impossible=True)
  [3/3] Invalid table from v3. talon (steps=5, impossible=True)
Added 0 new tables to S (now |S|=9)
Best so far: r_word=0.1

============================================================
Iteration 11: |S| = 9 non-complete tables
============================================================

*** Sampled table #7 from S ***
  Length: 4 actions
  Score: 20.9000
  Probability: 0.9876
  Actions: ['h4. rinse', 'h3. lower', 'h1. latin', 'v2. avoid']
Generated 9 candidate actions for next step
Processing top 3 candidates out of 9...
  [1/3] Invalid table from h5. nipas (steps=5, impossible=True)
  [2/3] Invalid table from h5. nipad (steps=5, impossible=True)
  [3/3] Invalid table from v3. talon (steps=5, impossible=True)
Added 0 new tables to S (now |S|=9)
Best so far: r_word=0.1

============================================================
Iteration 12: |S| = 9 non-complete tables
============================================================

*** Sampled table #7 from S ***
  Length: 4 actions
  Score: 20.9000
  Probability: 0.9876
  Actions: ['h4. rinse', 'h3. lower', 'h1. latin', 'v2. avoid']
Generated 9 candidate actions for next step
Processing top 3 candidates out of 9...
  [1/3] Invalid table from h5. nipas (steps=5, impossible=True)
  [2/3] Invalid table from h5. nipad (steps=5, impossible=True)
  [3/3] Invalid table from v3. talon (steps=5, impossible=True)
Added 0 new tables to S (now |S|=9)
Best so far: r_word=0.1

============================================================
Iteration 13: |S| = 9 non-complete tables
============================================================

*** Sampled table #7 from S ***
  Length: 4 actions
  Score: 20.9000
  Probability: 0.9876
  Actions: ['h4. rinse', 'h3. lower', 'h1. latin', 'v2. avoid']
Generated 9 candidate actions for next step
Processing top 3 candidates out of 9...
  [1/3] Invalid table from h5. nipas (steps=5, impossible=True)
  [2/3] Invalid table from h5. nipad (steps=5, impossible=True)
  [3/3] Invalid table from v3. talon (steps=5, impossible=True)
Added 0 new tables to S (now |S|=9)
Best so far: r_word=0.1

============================================================
Iteration 14: |S| = 9 non-complete tables
============================================================

*** Sampled table #7 from S ***
  Length: 4 actions
  Score: 20.9000
  Probability: 0.9876
  Actions: ['h4. rinse', 'h3. lower', 'h1. latin', 'v2. avoid']
Generated 9 candidate actions for next step
Processing top 3 candidates out of 9...
  [1/3] Invalid table from h5. nipas (steps=5, impossible=True)
  [2/3] Invalid table from h5. nipad (steps=5, impossible=True)
  [3/3] Invalid table from v3. talon (steps=5, impossible=True)
Added 0 new tables to S (now |S|=9)
Best so far: r_word=0.1

============================================================
Iteration 15: |S| = 9 non-complete tables
============================================================

*** Sampled table #7 from S ***
  Length: 4 actions
  Score: 20.9000
  Probability: 0.9876
  Actions: ['h4. rinse', 'h3. lower', 'h1. latin', 'v2. avoid']
Generated 9 candidate actions for next step
Processing top 3 candidates out of 9...
  [1/3] Invalid table from h5. nipas (steps=5, impossible=True)
  [2/3] Invalid table from h5. nipad (steps=5, impossible=True)
  [3/3] Invalid table from v3. talon (steps=5, impossible=True)
Added 0 new tables to S (now |S|=9)
Best so far: r_word=0.1

============================================================
Iteration 16: |S| = 9 non-complete tables
============================================================

*** Sampled table #5 from S ***
  Length: 3 actions
  Score: 13.9000
  Probability: 0.0009
  Actions: ['h4. rinse', 'h3. lower', 'h1. latin']
Generated 14 candidate actions for next step
Processing top 3 candidates out of 14...
  [1/3] Table from v2. avoid already in S
  [2/3] Table from h5. nipas already in S
  [3/3] Invalid table from v5. nerds (steps=4, impossible=True)
Added 0 new tables to S (now |S|=9)
Best so far: r_word=0.1

============================================================
Iteration 17: |S| = 9 non-complete tables
============================================================

*** Sampled table #7 from S ***
  Length: 4 actions
  Score: 20.9000
  Probability: 0.9876
  Actions: ['h4. rinse', 'h3. lower', 'h1. latin', 'v2. avoid']
Generated 9 candidate actions for next step
Processing top 3 candidates out of 9...
  [1/3] Invalid table from h5. nipas (steps=5, impossible=True)
  [2/3] Invalid table from h5. nipad (steps=5, impossible=True)
  [3/3] Invalid table from v3. talon (steps=5, impossible=True)
Added 0 new tables to S (now |S|=9)
Best so far: r_word=0.1

============================================================
Iteration 18: |S| = 9 non-complete tables
============================================================

*** Sampled table #7 from S ***
  Length: 4 actions
  Score: 20.9000
  Probability: 0.9876
  Actions: ['h4. rinse', 'h3. lower', 'h1. latin', 'v2. avoid']
Generated 9 candidate actions for next step
Processing top 3 candidates out of 9...
  [1/3] Invalid table from h5. nipas (steps=5, impossible=True)
  [2/3] Invalid table from h5. nipad (steps=5, impossible=True)
  [3/3] Invalid table from v3. talon (steps=5, impossible=True)
Added 0 new tables to S (now |S|=9)
Best so far: r_word=0.1

============================================================
Iteration 19: |S| = 9 non-complete tables
============================================================

*** Sampled table #7 from S ***
  Length: 4 actions
  Score: 20.9000
  Probability: 0.9876
  Actions: ['h4. rinse', 'h3. lower', 'h1. latin', 'v2. avoid']
Generated 9 candidate actions for next step
Processing top 3 candidates out of 9...
  [1/3] Invalid table from h5. nipas (steps=5, impossible=True)
  [2/3] Invalid table from h5. nipad (steps=5, impossible=True)
  [3/3] Invalid table from v3. talon (steps=5, impossible=True)
Added 0 new tables to S (now |S|=9)
Best so far: r_word=0.1

Finished after 20 iterations with 9 steps logged
Final |S| = 9 tables
Total unique tables explored: 9
